Archive member included to satisfy reference by file (symbol)

/home/urakn0x/devkitPro/libctru/lib/libsf2d.a(sf2d_texture.o)
                              main.o (sf2d_free_texture)
/home/urakn0x/devkitPro/libctru/lib/libsf2d.a(sf2d.o)
                              main.o (sf2d_init)
/home/urakn0x/devkitPro/libctru/lib/libsf2d.a(sf2d_private.o)
                              /home/urakn0x/devkitPro/libctru/lib/libsf2d.a(sf2d.o) (GPU_SetDummyTexEnv)
/home/urakn0x/devkitPro/libctru/lib/libsf2d.a(shader.vsh.o)
                              /home/urakn0x/devkitPro/libctru/lib/libsf2d.a(sf2d.o) (shader_vsh_shbin_size)
/home/urakn0x/devkitPro/devkitARM/bin/../lib/gcc/arm-none-eabi/5.3.0/../../../../arm-none-eabi/lib/armv6k/fpu/libm.a(lib_a-sf_cos.o)
                              /home/urakn0x/devkitPro/libctru/lib/libsf2d.a(sf2d_texture.o) (cosf)
/home/urakn0x/devkitPro/devkitARM/bin/../lib/gcc/arm-none-eabi/5.3.0/../../../../arm-none-eabi/lib/armv6k/fpu/libm.a(lib_a-sf_sin.o)
                              /home/urakn0x/devkitPro/libctru/lib/libsf2d.a(sf2d_texture.o) (sinf)
/home/urakn0x/devkitPro/devkitARM/bin/../lib/gcc/arm-none-eabi/5.3.0/../../../../arm-none-eabi/lib/armv6k/fpu/libm.a(lib_a-ef_rem_pio2.o)
                              /home/urakn0x/devkitPro/devkitARM/bin/../lib/gcc/arm-none-eabi/5.3.0/../../../../arm-none-eabi/lib/armv6k/fpu/libm.a(lib_a-sf_cos.o) (__ieee754_rem_pio2f)
/home/urakn0x/devkitPro/devkitARM/bin/../lib/gcc/arm-none-eabi/5.3.0/../../../../arm-none-eabi/lib/armv6k/fpu/libm.a(lib_a-kf_cos.o)
                              /home/urakn0x/devkitPro/devkitARM/bin/../lib/gcc/arm-none-eabi/5.3.0/../../../../arm-none-eabi/lib/armv6k/fpu/libm.a(lib_a-sf_cos.o) (__kernel_cosf)
/home/urakn0x/devkitPro/devkitARM/bin/../lib/gcc/arm-none-eabi/5.3.0/../../../../arm-none-eabi/lib/armv6k/fpu/libm.a(lib_a-kf_rem_pio2.o)
                              /home/urakn0x/devkitPro/devkitARM/bin/../lib/gcc/arm-none-eabi/5.3.0/../../../../arm-none-eabi/lib/armv6k/fpu/libm.a(lib_a-ef_rem_pio2.o) (__kernel_rem_pio2f)
/home/urakn0x/devkitPro/devkitARM/bin/../lib/gcc/arm-none-eabi/5.3.0/../../../../arm-none-eabi/lib/armv6k/fpu/libm.a(lib_a-kf_sin.o)
                              /home/urakn0x/devkitPro/devkitARM/bin/../lib/gcc/arm-none-eabi/5.3.0/../../../../arm-none-eabi/lib/armv6k/fpu/libm.a(lib_a-sf_cos.o) (__kernel_sinf)
/home/urakn0x/devkitPro/devkitARM/bin/../lib/gcc/arm-none-eabi/5.3.0/../../../../arm-none-eabi/lib/armv6k/fpu/libm.a(lib_a-sf_fabs.o)
                              /home/urakn0x/devkitPro/devkitARM/bin/../lib/gcc/arm-none-eabi/5.3.0/../../../../arm-none-eabi/lib/armv6k/fpu/libm.a(lib_a-ef_rem_pio2.o) (fabsf)
/home/urakn0x/devkitPro/devkitARM/bin/../lib/gcc/arm-none-eabi/5.3.0/../../../../arm-none-eabi/lib/armv6k/fpu/libm.a(lib_a-sf_floor.o)
                              /home/urakn0x/devkitPro/devkitARM/bin/../lib/gcc/arm-none-eabi/5.3.0/../../../../arm-none-eabi/lib/armv6k/fpu/libm.a(lib_a-kf_rem_pio2.o) (floorf)
/home/urakn0x/devkitPro/devkitARM/bin/../lib/gcc/arm-none-eabi/5.3.0/../../../../arm-none-eabi/lib/armv6k/fpu/libm.a(lib_a-sf_scalbn.o)
                              /home/urakn0x/devkitPro/devkitARM/bin/../lib/gcc/arm-none-eabi/5.3.0/../../../../arm-none-eabi/lib/armv6k/fpu/libm.a(lib_a-kf_rem_pio2.o) (scalbnf)
/home/urakn0x/devkitPro/devkitARM/bin/../lib/gcc/arm-none-eabi/5.3.0/../../../../arm-none-eabi/lib/armv6k/fpu/libm.a(lib_a-sf_copysign.o)
                              /home/urakn0x/devkitPro/devkitARM/bin/../lib/gcc/arm-none-eabi/5.3.0/../../../../arm-none-eabi/lib/armv6k/fpu/libm.a(lib_a-sf_scalbn.o) (copysignf)
/home/urakn0x/devkitPro/portlibs/armv6k/lib/libz.a(uncompr.o)
                              extract-cst.o (uncompress)
/home/urakn0x/devkitPro/portlibs/armv6k/lib/libz.a(inflate.o)
                              /home/urakn0x/devkitPro/portlibs/armv6k/lib/libz.a(uncompr.o) (inflateInit_)
/home/urakn0x/devkitPro/portlibs/armv6k/lib/libz.a(inftrees.o)
                              /home/urakn0x/devkitPro/portlibs/armv6k/lib/libz.a(inflate.o) (inflate_table)
/home/urakn0x/devkitPro/portlibs/armv6k/lib/libz.a(zutil.o)
                              /home/urakn0x/devkitPro/portlibs/armv6k/lib/libz.a(inflate.o) (zcalloc)
/home/urakn0x/devkitPro/portlibs/armv6k/lib/libz.a(adler32.o)
                              /home/urakn0x/devkitPro/portlibs/armv6k/lib/libz.a(inflate.o) (adler32)
/home/urakn0x/devkitPro/portlibs/armv6k/lib/libz.a(crc32.o)
                              /home/urakn0x/devkitPro/portlibs/armv6k/lib/libz.a(inflate.o) (crc32)
/home/urakn0x/devkitPro/portlibs/armv6k/lib/libz.a(inffast.o)
                              /home/urakn0x/devkitPro/portlibs/armv6k/lib/libz.a(inflate.o) (inflate_fast)
/home/urakn0x/devkitPro/libctru/lib/libctru.a(vram.o)
                              /home/urakn0x/devkitPro/libctru/lib/libsf2d.a(sf2d_texture.o) (vramMemAlign)
/home/urakn0x/devkitPro/libctru/lib/libctru.a(linear.o)
[...]
Memory Configuration

Name             Origin             Length             Attributes
*default*        0x00000000         0xffffffff

Linker script and memory map

                0x00100000                . = 0x100000
                0x00100000                __start__ = .

.text           0x00100000    0x2d610
 *(.crt0)
 .crt0          0x00100000       0x94 /home/urakn0x/devkitPro/devkitARM/bin/../lib/gcc/arm-none-eabi/5.3.0/../../../../arm-none-eabi/lib/armv6k/fpu/3dsx_crt0.o
                0x00100000                _start
                0x00100008                __service_ptr
                0x0010000c                __apt_appid
                0x00100010                __heap_size
                0x00100014                __linear_heap_size
                0x00100018                __system_arglist
                0x0010001c                __system_runflags
 *(.init)
 .init          0x00100094        0xc /home/urakn0x/devkitPro/devkitARM/bin/../lib/gcc/arm-none-eabi/5.3.0/armv6k/fpu/crti.o
                0x00100094                _init
 .init          0x001000a0        0xc /home/urakn0x/devkitPro/devkitARM/bin/../lib/gcc/arm-none-eabi/5.3.0/armv6k/fpu/crtn.o
                0x001000ac                . = ALIGN (0x4)
 *(.text)
 .text          0x001000ac      0x108 /home/urakn0x/devkitPro/devkitARM/bin/../lib/gcc/arm-none-eabi/5.3.0/armv6k/fpu/crtbegin.o
 .text          0x001001b4      0x290 texTable.o
                0x001001b4                addTex
                0x001002cc                catTex
                0x0010031c                texSeek
                0x001003b8                texSearch
                0x00100410                freeTexTable
 .text          0x00100444      0x218 fileList.o
                0x00100444                addFile
                0x001004b4                findFile
                0x00100500                getFD
                0x0010053c                catFileList
                0x0010058c                fileListSeek
                0x00100628                freeFileList
 .text          0x0010065c      0x70c HGx.o
                0x0010065c                unRLE
                0x00100714                unDelta
                0x00100980                readHG3Image
                0x00100b74                readHGx
                0x00100d38                openHGx
 .text          0x00100d68       0xe0 extract-int.o
                0x00100d68                listDecryptedInt
 .text          0x00100e48      0x120 bitBuffer.o
                0x00100e48                bitBuffer_new
                0x00100e70                getBit
                0x00100eb4                getEliasGamma
 .text          0x00100f68     0x24fc /home/urakn0x/devkitPro/libctru/lib/libsf2d.a(sf2d_texture.o)
                0x0010108c                sf2d_create_texture
                0x00101280                sf2d_free_texture
                0x001012d0                sf2d_fill_texture_from_RGBA8
                0x00101388                sf2d_create_texture_mem_RGBA8
                0x001013cc                sf2d_bind_texture
                0x00101440                sf2d_bind_texture_color
                0x001014b8                sf2d_bind_texture_parameters
                0x00101530                sf2d_texture_set_params
                0x00101538                sf2d_texture_get_params
                0x00101540                sf2d_draw_texture
                0x00101684                sf2d_draw_texture_blend
                0x001017cc                sf2d_draw_texture_rotate_hotspot
                0x00101980                sf2d_draw_texture_rotate_hotspot_blend
                0x00101b38                sf2d_draw_texture_rotate
                0x00101d00                sf2d_draw_texture_rotate_blend
                0x00101ecc                sf2d_draw_texture_rotate_scale_hotspot
                0x00102098                sf2d_draw_texture_rotate_scale_hotspot_blend
                0x00102268                sf2d_draw_texture_part
                0x001023e8                sf2d_draw_texture_part_blend
                0x0010256c                sf2d_draw_texture_scale
                0x001026d8                sf2d_draw_texture_scale_blend
                0x00102848                sf2d_draw_texture_part_scale
                0x001029a0                sf2d_draw_texture_part_scale_blend
                0x00102afc                sf2d_draw_texture_part_rotate_scale
                0x00102d20                sf2d_draw_texture_part_rotate_scale_blend
                0x00102f48                sf2d_draw_texture_depth
                0x001030a8                sf2d_draw_texture_depth_blend
                0x0010320c                sf2d_draw_quad_uv
                0x0010333c                sf2d_set_pixel
                0x001033c8                sf2d_get_pixel
                0x00103454                sf2d_texture_tile32
 .text          0x00103464      0x774 /home/urakn0x/devkitPro/libctru/lib/libsf2d.a(sf2d.o)
                0x00103678                sf2d_init
                0x001036a0                sf2d_init_advanced
                0x001036c0                sf2d_fini
                0x00103724                sf2d_set_3D
                0x00103730                sf2d_start_frame
                0x001038c4                sf2d_end_frame
                0x001039b0                sf2d_swapbuffers
                0x00103a60                sf2d_set_vblank_wait
                0x00103a70                sf2d_get_fps
                0x00103a80                sf2d_pool_malloc
                0x00103aac                sf2d_pool_memalign
                0x00103aec                sf2d_pool_calloc
                0x00103b2c                sf2d_pool_space_free
                0x00103b44                sf2d_pool_reset
                0x00103b58                sf2d_set_clear_color
                0x00103b6c                sf2d_set_scissor_test
                0x00103bb8                sf2d_get_current_screen
                0x00103bc8                sf2d_get_current_side
 .text          0x00103bd8      0x4b4 /home/urakn0x/devkitPro/libctru/lib/libsf2d.a(sf2d_private.o)
                0x00103bd8                GPU_SetDummyTexEnv
                0x00103c0c                vector_mult_matrix4x4
                0x00103c90                matrix_gpu_set_uniform
                0x00103ca0                matrix_copy
                0x00103cdc                matrix_identity4x4
                0x00103d28                matrix_mult4x4
                0x00103d98                matrix_set_z_rotation
                0x00103e0c                matrix_rotate_z
                0x00103e6c                matrix_set_scaling
                0x00103eb8                matrix_swap_xy
                0x00103f58                matrix_init_orthographic
                0x0010406c                next_pow2
 .text          0x0010408c       0xbc /home/urakn0x/devkitPro/portlibs/armv6k/lib/libz.a(uncompr.o)
                0x0010408c                uncompress
 .text          0x00104148     0x2c58 /home/urakn0x/devkitPro/portlibs/armv6k/lib/libz.a(inflate.o)
                0x00104148                inflateResetKeep
                0x001041d8                inflateReset
                0x00104274                inflateReset2
                0x00104394                inflateInit2_
                0x0010451c                inflateInit_
                0x00104680                inflatePrime
                0x001046f8                inflate
                0x00106594                inflateEnd
                0x001065f8                inflateGetDictionary
                0x00106690                inflateSetDictionary
                0x00106838                inflateGetHeader
                0x00106874                inflateSync
                0x00106b2c                inflateSyncPoint
                0x00106b6c                inflateCopy
                0x00106d18                inflateUndermine
                0x00106d48                inflateMark
 .text          0x00106da0      0xbf4 /home/urakn0x/devkitPro/portlibs/armv6k/lib/libz.a(inftrees.o)
                0x00106da0                inflate_table
 .text          0x00107994       0x38 /home/urakn0x/devkitPro/portlibs/armv6k/lib/libz.a(zutil.o)
                0x00107994                zlibVersion
                0x001079a0                zlibCompileFlags
                0x001079a8                zError
                0x001079bc                zcalloc
                0x001079c4                zcfree
 .text          0x001079cc      0x5c0 /home/urakn0x/devkitPro/portlibs/armv6k/lib/libz.a(adler32.o)
                0x001079cc                adler32
                0x00107e14                adler32_combine
                0x00107ed0                adler32_combine64
 .text          0x00107f8c      0x5d8 /home/urakn0x/devkitPro/portlibs/armv6k/lib/libz.a(crc32.o)
                0x001081a0                get_crc_table
                0x001081ac                crc32
                0x0010855c                crc32_combine
                0x00108560                crc32_combine64
 .text          0x00108564      0xbe4 /home/urakn0x/devkitPro/portlibs/armv6k/lib/libz.a(inffast.o)
                0x00108564                inflate_fast
 .text          0x00109148       0x64 /home/urakn0x/devkitPro/libctru/lib/libctru.a(stack_adjust.o)
                0x00109148                initSystem
                0x0010918c                __ctru_exit
 .text          0x001091ac      0x20c /home/urakn0x/devkitPro/devkitARM/bin/../lib/gcc/arm-none-eabi/5.3.0/armv6k/fpu/libgcc.a(_udivsi3.o)
                0x001091ac                __udivsi3
                0x001091ac                __aeabi_uidiv
                0x00109398                __aeabi_uidivmod
 .text          0x001093b8      0x240 /home/urakn0x/devkitPro/devkitARM/bin/../lib/gcc/arm-none-eabi/5.3.0/armv6k/fpu/libgcc.a(_divsi3.o)
                0x001093b8                __aeabi_idiv
                0x001093b8                __divsi3
                0x001095d8                __aeabi_idivmod
 .text          0x001095f8        0x4 /home/urakn0x/devkitPro/devkitARM/bin/../lib/gcc/arm-none-eabi/5.3.0/armv6k/fpu/libgcc.a(_dvmd_tls.o)
                0x001095f8                __aeabi_ldiv0
                0x001095f8                __aeabi_idiv0
 .text          0x001095fc      0x250 /home/urakn0x/devkitPro/devkitARM/bin/../lib/gcc/arm-none-eabi/5.3.0/armv6k/fpu/libgcc.a(_arm_addsubsf3.o)
                0x001095fc                __aeabi_frsub
                0x00109604                __subsf3
                0x00109604                __aeabi_fsub
                0x00109608                __aeabi_fadd
                0x00109608                __addsf3
                0x00109798                __aeabi_ui2f
                0x00109798                __floatunsisf
                0x001097a0                __aeabi_i2f
                0x001097a0                __floatsisf
                0x001097c0                __floatundisf
                0x001097c0                __aeabi_ul2f
                0x001097d0                __floatdisf
                0x001097d0                __aeabi_l2f
 .text          0x0010984c       0x3c /home/urakn0x/devkitPro/devkitARM/bin/../lib/gcc/arm-none-eabi/5.3.0/armv6k/fpu/libgcc.a(_aeabi_uldivmod.o)
                0x0010984c                __aeabi_uldivmod
 .text          0x00109888      0x128 /home/urakn0x/devkitPro/devkitARM/bin/../lib/gcc/arm-none-eabi/5.3.0/armv6k/fpu/libgcc.a(_udivmoddi4.o)
                0x00109888                __udivmoddi4
 *fill*         0x001099b0       0x10 
 .text          0x001099c0      0x3a0 /home/urakn0x/devkitPro/devkitARM/bin/../lib/gcc/arm-none-eabi/5.3.0/../../../../arm-none-eabi/lib/armv6k/fpu/libg.a(lib_a-strcmp.o)
                0x001099c8                strcmp
 .text          0x00109d60      0x1c4 /home/urakn0x/devkitPro/devkitARM/bin/../lib/gcc/arm-none-eabi/5.3.0/../../../../arm-none-eabi/lib/armv6k/fpu/libsysbase.a(iosupport.o)
                0x00109d68                setDefaultDevice
                0x00109d80                FindDevice
                0x00109e3c                RemoveDevice
                0x00109e68                AddDevice
                0x00109f00                GetDeviceOpTab
 .text          0x00109f24       0x7c /home/urakn0x/devkitPro/devkitARM/bin/../lib/gcc/arm-none-eabi/5.3.0/../../../../arm-none-eabi/lib/armv6k/fpu/libsysbase.a(close.o)
                0x00109f24                _close_r
 .text          0x00109fa0       0x6c /home/urakn0x/devkitPro/devkitARM/bin/../lib/gcc/arm-none-eabi/5.3.0/../../../../arm-none-eabi/lib/armv6k/fpu/libsysbase.a(fstat.o)
                0x00109fa0                _fstat_r
 .text          0x0010a00c        0x8 /home/urakn0x/devkitPro/devkitARM/bin/../lib/gcc/arm-none-eabi/5.3.0/../../../../arm-none-eabi/lib/armv6k/fpu/libsysbase.a(isatty.o)
                0x0010a00c                _isatty_r
 .text          0x0010a014       0x78 /home/urakn0x/devkitPro/devkitARM/bin/../lib/gcc/arm-none-eabi/5.3.0/../../../../arm-none-eabi/lib/armv6k/fpu/libsysbase.a(lseek.o)
                0x0010a014                _lseek_r
 .text          0x0010a08c       0xc8 /home/urakn0x/devkitPro/devkitARM/bin/../lib/gcc/arm-none-eabi/5.3.0/../../../../arm-none-eabi/lib/armv6k/fpu/libsysbase.a(open.o)
                0x0010a08c                _open_r
 .text          0x0010a154       0x78 /home/urakn0x/devkitPro/devkitARM/bin/../lib/gcc/arm-none-eabi/5.3.0/../../../../arm-none-eabi/lib/armv6k/fpu/libsysbase.a(read.o)
                0x0010a154                _read_r
 .text          0x0010a1cc       0x70 /home/urakn0x/devkitPro/devkitARM/bin/../lib/gcc/arm-none-eabi/5.3.0/../../../../arm-none-eabi/lib/armv6k/fpu/libsysbase.a(sbrk.o)
                0x0010a1cc                _sbrk_r
 .text          0x0010a23c       0x78 /home/urakn0x/devkitPro/devkitARM/bin/../lib/gcc/arm-none-eabi/5.3.0/../../../../arm-none-eabi/lib/armv6k/fpu/libsysbase.a(write.o)
                0x0010a23c                _write_r
 .text          0x0010a2b4       0x20 /home/urakn0x/devkitPro/devkitARM/bin/../lib/gcc/arm-none-eabi/5.3.0/../../../../arm-none-eabi/lib/armv6k/fpu/libsysbase.a(_exit.o)
                0x0010a2b4                _exit
 .text          0x0010a2d4      0x3b0 /home/urakn0x/devkitPro/devkitARM/bin/../lib/gcc/arm-none-eabi/5.3.0/../../../../arm-none-eabi/lib/armv6k/fpu/libsysbase.a(chdir.o)
                0x0010a2d4                _concatenate_path
                0x0010a490                chdir
                0x0010a5e4                getcwd
 .text          0x0010a684       0x10 /home/urakn0x/devkitPro/devkitARM/bin/../lib/gcc/arm-none-eabi/5.3.0/../../../../arm-none-eabi/lib/armv6k/fpu/libsysbase.a(flock.o)
                0x0010a684                __flockfile
                0x0010a68c                __funlockfile
 .text          0x0010a694      0x108 /home/urakn0x/devkitPro/devkitARM/bin/../lib/gcc/arm-none-eabi/5.3.0/../../../../arm-none-eabi/lib/armv6k/fpu/libsysbase.a(syscall_support.o)
                0x0010a694                __libc_lock_init
                0x0010a6ac                __libc_lock_acquire
                0x0010a6c4                __libc_lock_try_acquire
                0x0010a6e8                __libc_lock_release
                0x0010a700                __libc_lock_close
                0x0010a718                __libc_lock_init_recursive
                0x0010a730                __libc_lock_acquire_recursive
                0x0010a748                __libc_lock_try_acquire_recursive
                0x0010a76c                __libc_lock_release_recursive
                0x0010a784                __libc_lock_close_recursive
 .text          0x0010a79c      0x2c4 /home/urakn0x/devkitPro/devkitARM/bin/../lib/gcc/arm-none-eabi/5.3.0/../../../../arm-none-eabi/lib/armv6k/fpu/libsysbase.a(handle_manager.o)
                0x0010a79c                __free_handle
                0x0010a7e0                __release_handle
                0x0010a81c                __alloc_handle
                0x0010a894                __get_handle
                0x0010a8b0                dup
                0x0010a954                dup2
 .text          0x0010aa60       0x28 /home/urakn0x/devkitPro/devkitARM/bin/../lib/gcc/arm-none-eabi/5.3.0/../../../../arm-none-eabi/lib/armv6k/fpu/libsysbase.a(getreent.o)
                0x0010aa60                __getreent
 *(.text.*)
 .text.startup  0x0010aa88      0x220 main.o
                0x0010aa88                main
 .text.cosf     0x0010aca8       0xc4 /home/urakn0x/devkitPro/devkitARM/bin/../lib/gcc/arm-none-eabi/5.3.0/../../../../arm-none-eabi/lib/armv6k/fpu/libm.a(lib_a-sf_cos.o)
                0x0010aca8                cosf
 .text.sinf     0x0010ad6c       0xcc /home/urakn0x/devkitPro/devkitARM/bin/../lib/gcc/arm-none-eabi/5.3.0/../../../../arm-none-eabi/lib/armv6k/fpu/libm.a(lib_a-sf_sin.o)
                0x0010ad6c                sinf
 .text.__ieee754_rem_pio2f
                0x0010ae38      0x2e0 /home/urakn0x/devkitPro/devkitARM/bin/../lib/gcc/arm-none-eabi/5.3.0/../../../../arm-none-eabi/lib/armv6k/fpu/libm.a(lib_a-ef_rem_pio2.o)
                0x0010ae38                __ieee754_rem_pio2f
 .text.__kernel_cosf
                0x0010b118      0x124 /home/urakn0x/devkitPro/devkitARM/bin/../lib/gcc/arm-none-eabi/5.3.0/../../../../arm-none-eabi/lib/armv6k/fpu/libm.a(lib_a-kf_cos.o)
                0x0010b118                __kernel_cosf
 .text.__kernel_rem_pio2f
                0x0010b23c      0x828 /home/urakn0x/devkitPro/devkitARM/bin/../lib/gcc/arm-none-eabi/5.3.0/../../../../arm-none-eabi/lib/armv6k/fpu/libm.a(lib_a-kf_rem_pio2.o)
                0x0010b23c                __kernel_rem_pio2f
 .text.__kernel_sinf
                0x0010ba64       0xa0 /home/urakn0x/devkitPro/devkitARM/bin/../lib/gcc/arm-none-eabi/5.3.0/../../../../arm-none-eabi/lib/armv6k/fpu/libm.a(lib_a-kf_sin.o)
                0x0010ba64                __kernel_sinf
 .text.fabsf    0x0010bb04       0x10 /home/urakn0x/devkitPro/devkitARM/bin/../lib/gcc/arm-none-eabi/5.3.0/../../../../arm-none-eabi/lib/armv6k/fpu/libm.a(lib_a-sf_fabs.o)
                0x0010bb04                fabsf
 .text.floorf   0x0010bb14       0xb8 /home/urakn0x/devkitPro/devkitARM/bin/../lib/gcc/arm-none-eabi/5.3.0/../../../../arm-none-eabi/lib/armv6k/fpu/libm.a(lib_a-sf_floor.o)
                0x0010bb14                floorf
 .text.scalbnf  0x0010bbcc      0x118 /home/urakn0x/devkitPro/devkitARM/bin/../lib/gcc/arm-none-eabi/5.3.0/../../../../arm-none-eabi/lib/armv6k/fpu/libm.a(lib_a-sf_scalbn.o)
                0x0010bbcc                scalbnf
 .text.copysignf
                0x0010bce4       0x1c /home/urakn0x/devkitPro/devkitARM/bin/../lib/gcc/arm-none-eabi/5.3.0/../../../../arm-none-eabi/lib/armv6k/fpu/libm.a(lib_a-sf_copysign.o)
                0x0010bce4                copysignf
 .text._ZL21addrMapNodeComparatorPK11rbtree_nodeS1_
                0x0010bd00       0x24 /home/urakn0x/devkitPro/libctru/lib/libctru.a(vram.o)
 .text._ZL21addrMapNodeDestructorP11rbtree_node
                0x0010bd24        0x4 /home/urakn0x/devkitPro/libctru/lib/libctru.a(vram.o)
 .text.vramMemAlign
                0x0010bd28      0x130 /home/urakn0x/devkitPro/libctru/lib/libctru.a(vram.o)
                0x0010bd28                vramMemAlign
 .text.vramAlloc
                0x0010be58        0x8 /home/urakn0x/devkitPro/libctru/lib/libctru.a(vram.o)
                0x0010be58                vramAlloc
 .text.vramFree
                0x0010be60       0x50 /home/urakn0x/devkitPro/libctru/lib/libctru.a(vram.o)
                0x0010be60                vramFree
 .text.vramSpaceFree
                0x0010beb0        0xc /home/urakn0x/devkitPro/libctru/lib/libctru.a(vram.o)
                0x0010beb0                vramSpaceFree
 .text._ZL21addrMapNodeComparatorPK11rbtree_nodeS1_
                0x0010bebc       0x24 /home/urakn0x/devkitPro/libctru/lib/libctru.a(linear.o)
 .text._ZL21addrMapNodeDestructorP11rbtree_node
                0x0010bee0        0x4 /home/urakn0x/devkitPro/libctru/lib/libctru.a(linear.o)
 .text.linearMemAlign
                0x0010bee4      0x140 /home/urakn0x/devkitPro/libctru/lib/libctru.a(linear.o)
                0x0010bee4                linearMemAlign
 .text.linearAlloc
                0x0010c024        0x8 /home/urakn0x/devkitPro/libctru/lib/libctru.a(linear.o)
                0x0010c024                linearAlloc
 .text.linearFree
                0x0010c02c       0x50 /home/urakn0x/devkitPro/libctru/lib/libctru.a(linear.o)
                0x0010c02c                linearFree
 .text.linearSpaceFree
                0x0010c07c        0xc /home/urakn0x/devkitPro/libctru/lib/libctru.a(linear.o)
                0x0010c07c                linearSpaceFree
 .text._ZN7MemPool13CoalesceRightEP8MemBlock
                0x0010c088       0xa0 /home/urakn0x/devkitPro/libctru/lib/libctru.a(mem_pool.o)
                0x0010c088                MemPool::CoalesceRight(MemBlock*)
 .text._ZN7MemPool8AllocateER8MemChunkmi
                0x0010c128      0x18c /home/urakn0x/devkitPro/libctru/lib/libctru.a(mem_pool.o)
                0x0010c128                MemPool::Allocate(MemChunk&, unsigned long, int)
 .text._ZN7MemPool10DeallocateERK8MemChunk
                0x0010c2b4      0x104 /home/urakn0x/devkitPro/libctru/lib/libctru.a(mem_pool.o)
                0x0010c2b4                MemPool::Deallocate(MemChunk const&)
 .text._ZN7MemPool12GetFreeSpaceEv
                0x0010c3b8       0x30 /home/urakn0x/devkitPro/libctru/lib/libctru.a(mem_pool.o)
                0x0010c3b8                MemPool::GetFreeSpace()
 .text.getSysTime
                0x0010c3e8       0x58 /home/urakn0x/devkitPro/libctru/lib/libctru.a(os.o)
 .text.osConvertVirtToPhys
                0x0010c440       0x4c /home/urakn0x/devkitPro/libctru/lib/libctru.a(os.o)
                0x0010c440                osConvertVirtToPhys
 .text.osGetMemRegionUsed
                0x0010c48c       0x24 /home/urakn0x/devkitPro/libctru/lib/libctru.a(os.o)
                0x0010c48c                osGetMemRegionUsed
 .text.__libctru_gtod
                0x0010c4b0       0xf8 /home/urakn0x/devkitPro/libctru/lib/libctru.a(os.o)
                0x0010c4b0                __libctru_gtod
 .text.osGetTime
                0x0010c5a8       0x78 /home/urakn0x/devkitPro/libctru/lib/libctru.a(os.o)
                0x0010c5a8                osGetTime
 .text.__ctru_speedup_config
                0x0010c620       0x34 /home/urakn0x/devkitPro/libctru/lib/libctru.a(os.o)
                0x0010c620                __ctru_speedup_config
 .text.debug_write
                0x0010c654       0x1c /home/urakn0x/devkitPro/libctru/lib/libctru.a(console.o)
                0x0010c654                debug_write
 .text.consoleDrawChar
                0x0010c670      0x1ac /home/urakn0x/devkitPro/libctru/lib/libctru.a(console.o)
                0x0010c670                consoleDrawChar
 .text.consolePrintChar
                0x0010c81c      0x128 /home/urakn0x/devkitPro/libctru/lib/libctru.a(console.o)
                0x0010c81c                consolePrintChar
 .text.consoleCls
                0x0010c944      0x184 /home/urakn0x/devkitPro/libctru/lib/libctru.a(console.o)
 .text.consoleInit
                0x0010cac8       0xf8 /home/urakn0x/devkitPro/libctru/lib/libctru.a(console.o)
                0x0010cac8                consoleInit
 .text.consoleClearLine
                0x0010cbc0      0x138 /home/urakn0x/devkitPro/libctru/lib/libctru.a(console.o)
 .text.newRow   0x0010ccf8       0xc0 /home/urakn0x/devkitPro/libctru/lib/libctru.a(console.o)
 .text.con_write
                0x0010cdb8      0x86c /home/urakn0x/devkitPro/libctru/lib/libctru.a(console.o)
                0x0010cdb8                con_write
 .text.gfxSetFramebufferInfo.part.0
                0x0010d624       0x8c /home/urakn0x/devkitPro/libctru/lib/libctru.a(gfx.o)
 .text.gfxSet3D
                0x0010d6b0       0x10 /home/urakn0x/devkitPro/libctru/lib/libctru.a(gfx.o)
                0x0010d6b0                gfxSet3D
 .text.gfxSetScreenFormat
                0x0010d6c0       0x18 /home/urakn0x/devkitPro/libctru/lib/libctru.a(gfx.o)
                0x0010d6c0                gfxSetScreenFormat
 .text.gfxSetDoubleBuffering
                0x0010d6d8       0x14 /home/urakn0x/devkitPro/libctru/lib/libctru.a(gfx.o)
                0x0010d6d8                gfxSetDoubleBuffering
 .text.gfxSetFramebufferInfo
                0x0010d6ec       0x70 /home/urakn0x/devkitPro/libctru/lib/libctru.a(gfx.o)
                0x0010d6ec                gfxSetFramebufferInfo
 .text.gfxWriteFramebufferInfo
                0x0010d75c       0x88 /home/urakn0x/devkitPro/libctru/lib/libctru.a(gfx.o)
                0x0010d75c                gfxWriteFramebufferInfo
 .text.gfxInit  0x0010d7e4      0x1d0 /home/urakn0x/devkitPro/libctru/lib/libctru.a(gfx.o)
                0x0010d7e4                gfxInit
 .text.gfxInitDefault
                0x0010d9b4       0x10 /home/urakn0x/devkitPro/libctru/lib/libctru.a(gfx.o)
                0x0010d9b4                gfxInitDefault
 .text.gfxExit  0x0010d9c4       0xe0 /home/urakn0x/devkitPro/libctru/lib/libctru.a(gfx.o)
                0x0010d9c4                gfxExit
 .text.gfxGetFramebuffer
                0x0010daa4       0xb0 /home/urakn0x/devkitPro/libctru/lib/libctru.a(gfx.o)
                0x0010daa4                gfxGetFramebuffer
 .text.gfxFlushBuffers
                0x0010db54       0xcc /home/urakn0x/devkitPro/libctru/lib/libctru.a(gfx.o)
                0x0010db54                gfxFlushBuffers
 .text.gfxConfigScreen
                0x0010dc20       0x70 /home/urakn0x/devkitPro/libctru/lib/libctru.a(gfx.o)
                0x0010dc20                gfxConfigScreen
 .text.gfxSwapBuffersGpu
                0x0010dc90       0x20 /home/urakn0x/devkitPro/libctru/lib/libctru.a(gfx.o)
                0x0010dc90                gfxSwapBuffersGpu
 .text.GPU_Init
                0x0010dcb0       0x2c /home/urakn0x/devkitPro/libctru/lib/libctru.a(gpu-old.o)
                0x0010dcb0                GPU_Init
 .text.GPU_Reset
                0x0010dcdc       0x10 /home/urakn0x/devkitPro/libctru/lib/libctru.a(gpu-old.o)
                0x0010dcdc                GPU_Reset
 .text.GPU_SetFloatUniform
                0x0010dcec       0x70 /home/urakn0x/devkitPro/libctru/lib/libctru.a(gpu-old.o)
                0x0010dcec                GPU_SetFloatUniform
 .text.GPU_SetViewport
                0x0010dd5c      0x1f4 /home/urakn0x/devkitPro/libctru/lib/libctru.a(gpu-old.o)
                0x0010dd5c                GPU_SetViewport
 .text.GPU_SetScissorTest
                0x0010df50       0x4c /home/urakn0x/devkitPro/libctru/lib/libctru.a(gpu-old.o)
                0x0010df50                GPU_SetScissorTest
 .text.GPU_DepthMap
                0x0010df9c       0x7c /home/urakn0x/devkitPro/libctru/lib/libctru.a(gpu-old.o)
                0x0010df9c                GPU_DepthMap
 .text.GPU_SetAlphaTest
                0x0010e018       0x38 /home/urakn0x/devkitPro/libctru/lib/libctru.a(gpu-old.o)
                0x0010e018                GPU_SetAlphaTest
 .text.GPU_SetStencilTest
                0x0010e050       0x48 /home/urakn0x/devkitPro/libctru/lib/libctru.a(gpu-old.o)
                0x0010e050                GPU_SetStencilTest
 .text.GPU_SetStencilOp
                0x0010e098       0x34 /home/urakn0x/devkitPro/libctru/lib/libctru.a(gpu-old.o)
                0x0010e098                GPU_SetStencilOp
 .text.GPU_SetDepthTestAndWriteMask
                0x0010e0cc       0x38 /home/urakn0x/devkitPro/libctru/lib/libctru.a(gpu-old.o)
                0x0010e0cc                GPU_SetDepthTestAndWriteMask
 .text.GPU_SetAlphaBlending
                0x0010e104       0x68 /home/urakn0x/devkitPro/libctru/lib/libctru.a(gpu-old.o)
                0x0010e104                GPU_SetAlphaBlending
 .text.GPU_SetBlendingColor
                0x0010e16c       0x3c /home/urakn0x/devkitPro/libctru/lib/libctru.a(gpu-old.o)
                0x0010e16c                GPU_SetBlendingColor
 .text.GPU_SetTextureEnable
                0x0010e1a8       0x4c /home/urakn0x/devkitPro/libctru/lib/libctru.a(gpu-old.o)
                0x0010e1a8                GPU_SetTextureEnable
 .text.GPU_SetTexture
                0x0010e1f4      0x198 /home/urakn0x/devkitPro/libctru/lib/libctru.a(gpu-old.o)
                0x0010e1f4                GPU_SetTexture
 .text.GPU_SetAttributeBuffers
                0x0010e38c      0x200 /home/urakn0x/devkitPro/libctru/lib/libctru.a(gpu-old.o)
                0x0010e38c                GPU_SetAttributeBuffers
 .text.GPU_SetFaceCulling
                0x0010e58c       0x2c /home/urakn0x/devkitPro/libctru/lib/libctru.a(gpu-old.o)
                0x0010e58c                GPU_SetFaceCulling
 .text.GPU_SetTexEnv
                0x0010e5b8       0x78 /home/urakn0x/devkitPro/libctru/lib/libctru.a(gpu-old.o)
                0x0010e5b8                GPU_SetTexEnv
 .text.GPU_DrawArray
                0x0010e630      0x130 /home/urakn0x/devkitPro/libctru/lib/libctru.a(gpu-old.o)
                0x0010e630                GPU_DrawArray
 .text.GPU_FinishDrawing
                0x0010e760       0x5c /home/urakn0x/devkitPro/libctru/lib/libctru.a(gpu-old.o)
                0x0010e760                GPU_FinishDrawing
 .text.GPU_SetShaderOutmap
                0x0010e7bc       0x48 /home/urakn0x/devkitPro/libctru/lib/libctru.a(shaderProgram.o)
 .text.GPU_SendShaderCode.constprop.0
                0x0010e804       0xb8 /home/urakn0x/devkitPro/libctru/lib/libctru.a(shaderProgram.o)
 .text.GPU_SendOperandDescriptors.constprop.1
                0x0010e8bc       0x70 /home/urakn0x/devkitPro/libctru/lib/libctru.a(shaderProgram.o)
 .text.shaderInstanceInit
                0x0010e92c      0x23c /home/urakn0x/devkitPro/libctru/lib/libctru.a(shaderProgram.o)
                0x0010e92c                shaderInstanceInit
 .text.shaderInstanceFree
                0x0010eb68       0x38 /home/urakn0x/devkitPro/libctru/lib/libctru.a(shaderProgram.o)
                0x0010eb68                shaderInstanceFree
 .text.shaderInstanceGetUniformLocation
                0x0010eba0       0x18 /home/urakn0x/devkitPro/libctru/lib/libctru.a(shaderProgram.o)
                0x0010eba0                shaderInstanceGetUniformLocation
 .text.shaderProgramInit
                0x0010ebb8       0x18 /home/urakn0x/devkitPro/libctru/lib/libctru.a(shaderProgram.o)
                0x0010ebb8                shaderProgramInit
 .text.shaderProgramFree
                0x0010ebd0       0x30 /home/urakn0x/devkitPro/libctru/lib/libctru.a(shaderProgram.o)
                0x0010ebd0                shaderProgramFree
 .text.shaderProgramSetVsh
                0x0010ec00       0x6c /home/urakn0x/devkitPro/libctru/lib/libctru.a(shaderProgram.o)
                0x0010ec00                shaderProgramSetVsh
 .text.shaderProgramConfigure
                0x0010ec6c      0x340 /home/urakn0x/devkitPro/libctru/lib/libctru.a(shaderProgram.o)
                0x0010ec6c                shaderProgramConfigure
 .text.shaderProgramUse
                0x0010efac      0x12c /home/urakn0x/devkitPro/libctru/lib/libctru.a(shaderProgram.o)
                0x0010efac                shaderProgramUse
 .text.DVLB_Free
                0x0010f0d8       0x3c /home/urakn0x/devkitPro/libctru/lib/libctru.a(shbin.o)
                0x0010f0d8                DVLB_Free
 .text.DVLE_GetUniformRegister
                0x0010f114       0x80 /home/urakn0x/devkitPro/libctru/lib/libctru.a(shbin.o)
                0x0010f114                DVLE_GetUniformRegister
 .text.DVLE_GenerateOutmap
                0x0010f194      0x198 /home/urakn0x/devkitPro/libctru/lib/libctru.a(shbin.o)
                0x0010f194                DVLE_GenerateOutmap
 .text.DVLB_ParseFile
                0x0010f32c      0x198 /home/urakn0x/devkitPro/libctru/lib/libctru.a(shbin.o)
                0x0010f32c                DVLB_ParseFile
 .text.GX_ProcessCommandList
                0x0010f4c4       0x54 /home/urakn0x/devkitPro/libctru/lib/libctru.a(gx.o)
                0x0010f4c4                GX_ProcessCommandList
 .text.GX_MemoryFill
                0x0010f518       0x60 /home/urakn0x/devkitPro/libctru/lib/libctru.a(gx.o)
                0x0010f518                GX_MemoryFill
 .text.GX_DisplayTransfer
                0x0010f578       0x50 /home/urakn0x/devkitPro/libctru/lib/libctru.a(gx.o)
                0x0010f578                GX_DisplayTransfer
 .text.GX_FlushCacheRegions
                0x0010f5c8       0x54 /home/urakn0x/devkitPro/libctru/lib/libctru.a(gx.o)
                0x0010f5c8                GX_FlushCacheRegions
 .text.GPUCMD_SetBuffer
                0x0010f61c       0x2c /home/urakn0x/devkitPro/libctru/lib/libctru.a(gpu.o)
                0x0010f61c                GPUCMD_SetBuffer
 .text.GPUCMD_SetBufferOffset
                0x0010f648       0x10 /home/urakn0x/devkitPro/libctru/lib/libctru.a(gpu.o)
                0x0010f648                GPUCMD_SetBufferOffset
 .text.GPUCMD_FlushAndRun
                0x0010f658       0x68 /home/urakn0x/devkitPro/libctru/lib/libctru.a(gpu.o)
                0x0010f658                GPUCMD_FlushAndRun
 .text.GPUCMD_Add
                0x0010f6c0       0xe4 /home/urakn0x/devkitPro/libctru/lib/libctru.a(gpu.o)
                0x0010f6c0                GPUCMD_Add
 .text.GPUCMD_Finalize
                0x0010f7a4       0x98 /home/urakn0x/devkitPro/libctru/lib/libctru.a(gpu.o)
                0x0010f7a4                GPUCMD_Finalize
 .text.f32tof24
                0x0010f83c       0x40 /home/urakn0x/devkitPro/libctru/lib/libctru.a(gpu.o)
                0x0010f83c                f32tof24
 .text.f32tof31
                0x0010f87c       0x40 /home/urakn0x/devkitPro/libctru/lib/libctru.a(gpu.o)
                0x0010f87c                f32tof31
 .text.gspEventThreadMain
                0x0010f8bc      0x124 /home/urakn0x/devkitPro/libctru/lib/libctru.a(gspgpu.o)
 .text.gspInit  0x0010f9e0       0x74 /home/urakn0x/devkitPro/libctru/lib/libctru.a(gspgpu.o)
                0x0010f9e0                gspInit
 .text.gspExit  0x0010fa54       0x3c /home/urakn0x/devkitPro/libctru/lib/libctru.a(gspgpu.o)
                0x0010fa54                gspExit
 .text.gspInitEventHandler
                0x0010fa90       0xd0 /home/urakn0x/devkitPro/libctru/lib/libctru.a(gspgpu.o)
                0x0010fa90                gspInitEventHandler
 .text.gspExitEventHandler
                0x0010fb60       0x5c /home/urakn0x/devkitPro/libctru/lib/libctru.a(gspgpu.o)
                0x0010fb60                gspExitEventHandler
 .text.gspWaitForEvent
                0x0010fbbc       0x58 /home/urakn0x/devkitPro/libctru/lib/libctru.a(gspgpu.o)
                0x0010fbbc                gspWaitForEvent
 .text.gspSubmitGxCommand
                0x0010fc14      0x128 /home/urakn0x/devkitPro/libctru/lib/libctru.a(gspgpu.o)
                0x0010fc14                gspSubmitGxCommand
 .text.GSPGPU_SetBufferSwap
                0x0010fd3c       0x6c /home/urakn0x/devkitPro/libctru/lib/libctru.a(gspgpu.o)
                0x0010fd3c                GSPGPU_SetBufferSwap
 .text.GSPGPU_FlushDataCache
                0x0010fda8       0x4c /home/urakn0x/devkitPro/libctru/lib/libctru.a(gspgpu.o)
                0x0010fda8                GSPGPU_FlushDataCache
 .text.GSPGPU_SetLcdForceBlack
                0x0010fdf4       0x34 /home/urakn0x/devkitPro/libctru/lib/libctru.a(gspgpu.o)
                0x0010fdf4                GSPGPU_SetLcdForceBlack
 .text.GSPGPU_RegisterInterruptRelayQueue
                0x0010fe28       0x64 /home/urakn0x/devkitPro/libctru/lib/libctru.a(gspgpu.o)
                0x0010fe28                GSPGPU_RegisterInterruptRelayQueue
 .text.GSPGPU_UnregisterInterruptRelayQueue
                0x0010fe8c       0x2c /home/urakn0x/devkitPro/libctru/lib/libctru.a(gspgpu.o)
                0x0010fe8c                GSPGPU_UnregisterInterruptRelayQueue
 .text.GSPGPU_AcquireRight
                0x0010feb8       0x48 /home/urakn0x/devkitPro/libctru/lib/libctru.a(gspgpu.o)
                0x0010feb8                GSPGPU_AcquireRight
 .text.GSPGPU_ReleaseRight
                0x0010ff00       0x2c /home/urakn0x/devkitPro/libctru/lib/libctru.a(gspgpu.o)
                0x0010ff00                GSPGPU_ReleaseRight
 .text.GSPGPU_ImportDisplayCaptureInfo
                0x0010ff2c       0x80 /home/urakn0x/devkitPro/libctru/lib/libctru.a(gspgpu.o)
                0x0010ff2c                GSPGPU_ImportDisplayCaptureInfo
 .text.GSPGPU_SaveVramSysArea
                0x0010ffac       0x2c /home/urakn0x/devkitPro/libctru/lib/libctru.a(gspgpu.o)
                0x0010ffac                GSPGPU_SaveVramSysArea
 .text.GSPGPU_RestoreVramSysArea
                0x0010ffd8       0x2c /home/urakn0x/devkitPro/libctru/lib/libctru.a(gspgpu.o)
                0x0010ffd8                GSPGPU_RestoreVramSysArea
 .text.__apt_initservicehandle
                0x00110004       0x68 /home/urakn0x/devkitPro/libctru/lib/libctru.a(apt.o)
 .text._aptDebug
                0x0011006c        0x4 /home/urakn0x/devkitPro/libctru/lib/libctru.a(apt.o)
                0x0011006c                _aptDebug
 .text.aptInitCaptureInfo
                0x00110070       0x98 /home/urakn0x/devkitPro/libctru/lib/libctru.a(apt.o)
                0x00110070                aptInitCaptureInfo
 .text.aptWaitStatusEvent
                0x00110108       0x28 /home/urakn0x/devkitPro/libctru/lib/libctru.a(apt.o)
                0x00110108                aptWaitStatusEvent
 .text.aptGetMenuAppID
                0x00110130       0x60 /home/urakn0x/devkitPro/libctru/lib/libctru.a(apt.o)
                0x00110130                aptGetMenuAppID
 .text.aptHook  0x00110190       0x34 /home/urakn0x/devkitPro/libctru/lib/libctru.a(apt.o)
                0x00110190                aptHook
 .text.aptUnhook
                0x001101c4       0x2c /home/urakn0x/devkitPro/libctru/lib/libctru.a(apt.o)
                0x001101c4                aptUnhook
 .text.aptSetStatus
                0x001101f0       0x6c /home/urakn0x/devkitPro/libctru/lib/libctru.a(apt.o)
                0x001101f0                aptSetStatus
 .text.APT_GetLockHandle
                0x0011025c       0x48 /home/urakn0x/devkitPro/libctru/lib/libctru.a(apt.o)
                0x0011025c                APT_GetLockHandle
 .text.APT_Initialize
                0x001102a4       0x60 /home/urakn0x/devkitPro/libctru/lib/libctru.a(apt.o)
                0x001102a4                APT_Initialize
 .text.APT_Finalize
                0x00110304       0x34 /home/urakn0x/devkitPro/libctru/lib/libctru.a(apt.o)
                0x00110304                APT_Finalize
 .text.APT_InquireNotification
                0x00110338       0x48 /home/urakn0x/devkitPro/libctru/lib/libctru.a(apt.o)
                0x00110338                APT_InquireNotification
 .text.APT_PrepareToJumpToHomeMenu
                0x00110380       0x2c /home/urakn0x/devkitPro/libctru/lib/libctru.a(apt.o)
                0x00110380                APT_PrepareToJumpToHomeMenu
 .text.APT_JumpToHomeMenu
                0x001103ac       0x50 /home/urakn0x/devkitPro/libctru/lib/libctru.a(apt.o)
                0x001103ac                APT_JumpToHomeMenu
 .text.APT_PrepareToJumpToApplication
                0x001103fc       0x34 /home/urakn0x/devkitPro/libctru/lib/libctru.a(apt.o)
                0x001103fc                APT_PrepareToJumpToApplication
 .text.APT_JumpToApplication
                0x00110430       0x50 /home/urakn0x/devkitPro/libctru/lib/libctru.a(apt.o)
                0x00110430                APT_JumpToApplication
 .text.APT_NotifyToWait
                0x00110480       0x34 /home/urakn0x/devkitPro/libctru/lib/libctru.a(apt.o)
                0x00110480                APT_NotifyToWait
 .text.APT_AppletUtility
                0x001104b4       0x8c /home/urakn0x/devkitPro/libctru/lib/libctru.a(apt.o)
                0x001104b4                APT_AppletUtility
 .text.aptAppletUtility_Exit_RetToApp
                0x00110540      0x188 /home/urakn0x/devkitPro/libctru/lib/libctru.a(apt.o)
                0x00110540                aptAppletUtility_Exit_RetToApp
 .text.aptAppletClosed
                0x001106c8       0x3c /home/urakn0x/devkitPro/libctru/lib/libctru.a(apt.o)
                0x001106c8                aptAppletClosed
 .text.aptAppStarted
                0x00110704      0x114 /home/urakn0x/devkitPro/libctru/lib/libctru.a(apt.o)
 .text.aptInit  0x00110818      0x298 /home/urakn0x/devkitPro/libctru/lib/libctru.a(apt.o)
                0x00110818                aptInit
 .text.APT_ReceiveParameter
                0x00110ab0       0x6c /home/urakn0x/devkitPro/libctru/lib/libctru.a(apt.o)
                0x00110ab0                APT_ReceiveParameter
 .text.APT_SendParameter
                0x00110b1c       0x64 /home/urakn0x/devkitPro/libctru/lib/libctru.a(apt.o)
                0x00110b1c                APT_SendParameter
 .text.APT_SendCaptureBufferInfo
                0x00110b80       0x44 /home/urakn0x/devkitPro/libctru/lib/libctru.a(apt.o)
                0x00110b80                APT_SendCaptureBufferInfo
 .text.aptReturnToMenu
                0x00110bc4      0x264 /home/urakn0x/devkitPro/libctru/lib/libctru.a(apt.o)
                0x00110bc4                aptReturnToMenu
 .text.APT_ReplySleepQuery
                0x00110e28       0x38 /home/urakn0x/devkitPro/libctru/lib/libctru.a(apt.o)
                0x00110e28                APT_ReplySleepQuery
 .text.APT_ReplySleepNotificationComplete
                0x00110e60       0x34 /home/urakn0x/devkitPro/libctru/lib/libctru.a(apt.o)
                0x00110e60                APT_ReplySleepNotificationComplete
 .text.aptEventHandler
                0x00110e94      0x3f4 /home/urakn0x/devkitPro/libctru/lib/libctru.a(apt.o)
                0x00110e94                aptEventHandler
 .text.APT_PrepareToCloseApplication
                0x00111288       0x34 /home/urakn0x/devkitPro/libctru/lib/libctru.a(apt.o)
                0x00111288                APT_PrepareToCloseApplication
 .text.APT_CloseApplication
                0x001112bc       0x50 /home/urakn0x/devkitPro/libctru/lib/libctru.a(apt.o)
                0x001112bc                APT_CloseApplication
 .text.aptExit  0x0011130c      0x2d0 /home/urakn0x/devkitPro/libctru/lib/libctru.a(apt.o)
                0x0011130c                aptExit
 .text.APT_CheckNew3DS_System
                0x001115dc       0x6c /home/urakn0x/devkitPro/libctru/lib/libctru.a(apt.o)
                0x001115dc                APT_CheckNew3DS_System
 .text.APT_CheckNew3DS
                0x00111648       0x8c /home/urakn0x/devkitPro/libctru/lib/libctru.a(apt.o)
                0x00111648                APT_CheckNew3DS
 .text.APT_StartLibraryApplet
                0x001116d4       0x54 /home/urakn0x/devkitPro/libctru/lib/libctru.a(apt.o)
                0x001116d4                APT_StartLibraryApplet
 .text.aptAppletStarted
                0x00111728      0x174 /home/urakn0x/devkitPro/libctru/lib/libctru.a(apt.o)
                0x00111728                aptAppletStarted
 .text.aptMainLoop
                0x0011189c      0x1a4 /home/urakn0x/devkitPro/libctru/lib/libctru.a(apt.o)
                0x0011189c                aptMainLoop
 .text.hidExit  0x00111a40       0xd8 /home/urakn0x/devkitPro/libctru/lib/libctru.a(hid.o)
                0x00111a40                hidExit
 .text.hidScanInput
                0x00111b18      0x238 /home/urakn0x/devkitPro/libctru/lib/libctru.a(hid.o)
                0x00111b18                hidScanInput
 .text.hidKeysDown
                0x00111d50       0x10 /home/urakn0x/devkitPro/libctru/lib/libctru.a(hid.o)
                0x00111d50                hidKeysDown
 .text.HIDUSER_GetHandles
                0x00111d60       0x90 /home/urakn0x/devkitPro/libctru/lib/libctru.a(hid.o)
                0x00111d60                HIDUSER_GetHandles
 .text.hidInit  0x00111df0      0x184 /home/urakn0x/devkitPro/libctru/lib/libctru.a(hid.o)
                0x00111df0                hidInit
 .text.ptmSysmInit
                0x00111f74       0x70 /home/urakn0x/devkitPro/libctru/lib/libctru.a(ptmsysm.o)
                0x00111f74                ptmSysmInit
 .text.ptmSysmExit
                0x00111fe4       0x34 /home/urakn0x/devkitPro/libctru/lib/libctru.a(ptmsysm.o)
                0x00111fe4                ptmSysmExit
 .text.PTMSYSM_ConfigureNew3DSCPU
                0x00112018       0x34 /home/urakn0x/devkitPro/libctru/lib/libctru.a(ptmsysm.o)
                0x00112018                PTMSYSM_ConfigureNew3DSCPU
 .text.rbtree_init
                0x0011204c       0x14 /home/urakn0x/devkitPro/libctru/lib/libctru.a(rbtree_init.o)
                0x0011204c                rbtree_init
 .text.do_insert
                0x00112060      0x1d4 /home/urakn0x/devkitPro/libctru/lib/libctru.a(rbtree_insert.o)
 .text.rbtree_insert
                0x00112234        0x8 /home/urakn0x/devkitPro/libctru/lib/libctru.a(rbtree_insert.o)
                0x00112234                rbtree_insert
 .text.rbtree_rotate
                0x0011223c       0xac /home/urakn0x/devkitPro/libctru/lib/libctru.a(rbtree_rotate.o)
                0x0011223c                rbtree_rotate
 .text.rbtree_remove
                0x001122e8      0x35c /home/urakn0x/devkitPro/libctru/lib/libctru.a(rbtree_remove.o)
                0x001122e8                rbtree_remove
 .text.rbtree_find
                0x00112644       0x70 /home/urakn0x/devkitPro/libctru/lib/libctru.a(rbtree_find.o)
                0x00112644                rbtree_find
 .text.__libctru_init
                0x001126b4       0x38 /home/urakn0x/devkitPro/libctru/lib/libctru.a(initSystem.o)
                0x001126b4                __libctru_init
 .text.__ctru_get_reent
                0x001126ec       0x30 /home/urakn0x/devkitPro/libctru/lib/libctru.a(syscalls.o)
 .text.__system_initSyscalls
                0x0011271c       0xe8 /home/urakn0x/devkitPro/libctru/lib/libctru.a(syscalls.o)
                0x0011271c                __system_initSyscalls
 .text.osGetMemRegionSize
                0x00112804       0x58 /home/urakn0x/devkitPro/libctru/lib/libctru.a(allocateHeaps.o)
 .text.__system_allocateHeaps
                0x0011285c      0x124 /home/urakn0x/devkitPro/libctru/lib/libctru.a(allocateHeaps.o)
                0x0011285c                __system_allocateHeaps
 .text.__system_initArgv
                0x00112980       0xf4 /home/urakn0x/devkitPro/libctru/lib/libctru.a(initArgv.o)
                0x00112980                __system_initArgv
 .text.svcControlMemory
                0x00112a74       0x20 /home/urakn0x/devkitPro/libctru/lib/libctru.a(svc.o)
                0x00112a74                svcControlMemory
 .text.svcExitProcess
                0x00112a94        0x8 /home/urakn0x/devkitPro/libctru/lib/libctru.a(svc.o)
                0x00112a94                svcExitProcess
 .text.svcCreateThread
                0x00112a9c       0x20 /home/urakn0x/devkitPro/libctru/lib/libctru.a(svc.o)
                0x00112a9c                svcCreateThread
 .text.svcExitThread
                0x00112abc        0x8 /home/urakn0x/devkitPro/libctru/lib/libctru.a(svc.o)
                0x00112abc                svcExitThread
 .text.svcCreateEvent
                0x00112ac4       0x14 /home/urakn0x/devkitPro/libctru/lib/libctru.a(svc.o)
                0x00112ac4                svcCreateEvent
 .text.svcSignalEvent
                0x00112ad8        0x8 /home/urakn0x/devkitPro/libctru/lib/libctru.a(svc.o)
                0x00112ad8                svcSignalEvent
 .text.svcClearEvent
                0x00112ae0        0x8 /home/urakn0x/devkitPro/libctru/lib/libctru.a(svc.o)
                0x00112ae0                svcClearEvent
 .text.svcMapMemoryBlock
                0x00112ae8        0x8 /home/urakn0x/devkitPro/libctru/lib/libctru.a(svc.o)
                0x00112ae8                svcMapMemoryBlock
 .text.svcUnmapMemoryBlock
                0x00112af0        0x8 /home/urakn0x/devkitPro/libctru/lib/libctru.a(svc.o)
                0x00112af0                svcUnmapMemoryBlock
 .text.svcCreateAddressArbiter
                0x00112af8       0x14 /home/urakn0x/devkitPro/libctru/lib/libctru.a(svc.o)
                0x00112af8                svcCreateAddressArbiter
 .text.svcArbitrateAddress
                0x00112b0c       0x18 /home/urakn0x/devkitPro/libctru/lib/libctru.a(svc.o)
                0x00112b0c                svcArbitrateAddress
 .text.svcCloseHandle
                0x00112b24        0x8 /home/urakn0x/devkitPro/libctru/lib/libctru.a(svc.o)
                0x00112b24                svcCloseHandle
 .text.svcWaitSynchronization
                0x00112b2c        0x8 /home/urakn0x/devkitPro/libctru/lib/libctru.a(svc.o)
                0x00112b2c                svcWaitSynchronization
 .text.svcWaitSynchronizationN
                0x00112b34       0x28 /home/urakn0x/devkitPro/libctru/lib/libctru.a(svc.o)
                0x00112b34                svcWaitSynchronizationN
 .text.svcDuplicateHandle
                0x00112b5c       0x14 /home/urakn0x/devkitPro/libctru/lib/libctru.a(svc.o)
                0x00112b5c                svcDuplicateHandle
 .text.svcGetSystemTick
                0x00112b70        0x8 /home/urakn0x/devkitPro/libctru/lib/libctru.a(svc.o)
                0x00112b70                svcGetSystemTick
 .text.svcGetSystemInfo
                0x00112b78       0x18 /home/urakn0x/devkitPro/libctru/lib/libctru.a(svc.o)
                0x00112b78                svcGetSystemInfo
 .text.svcConnectToPort
                0x00112b90       0x14 /home/urakn0x/devkitPro/libctru/lib/libctru.a(svc.o)
                0x00112b90                svcConnectToPort
 .text.svcSendSyncRequest
                0x00112ba4        0x8 /home/urakn0x/devkitPro/libctru/lib/libctru.a(svc.o)
                0x00112ba4                svcSendSyncRequest
 .text.svcBreak
                0x00112bac        0x8 /home/urakn0x/devkitPro/libctru/lib/libctru.a(svc.o)
                0x00112bac                svcBreak
 .text.svcOutputDebugString
                0x00112bb4        0x8 /home/urakn0x/devkitPro/libctru/lib/libctru.a(svc.o)
                0x00112bb4                svcOutputDebugString
 .text._ZL21addrMapNodeComparatorPK11rbtree_nodeS1_
                0x00112bbc       0x24 /home/urakn0x/devkitPro/libctru/lib/libctru.a(mappable.o)
 .text._ZL21addrMapNodeDestructorP11rbtree_node
                0x00112be0        0x4 /home/urakn0x/devkitPro/libctru/lib/libctru.a(mappable.o)
 .text.mappableAlloc
                0x00112be4       0xf4 /home/urakn0x/devkitPro/libctru/lib/libctru.a(mappable.o)
                0x00112be4                mappableAlloc
 .text.mappableFree
                0x00112cd8       0x50 /home/urakn0x/devkitPro/libctru/lib/libctru.a(mappable.o)
                0x00112cd8                mappableFree
 .text.LightLock_Unlock.part.1
                0x00112d28       0x34 /home/urakn0x/devkitPro/libctru/lib/libctru.a(synchronization.o)
 .text.__sync_init
                0x00112d5c        0xc /home/urakn0x/devkitPro/libctru/lib/libctru.a(synchronization.o)
                0x00112d5c                __sync_init
 .text.__sync_fini
                0x00112d68       0x18 /home/urakn0x/devkitPro/libctru/lib/libctru.a(synchronization.o)
                0x00112d68                __sync_fini
 .text.LightLock_Init
                0x00112d80       0x18 /home/urakn0x/devkitPro/libctru/lib/libctru.a(synchronization.o)
                0x00112d80                LightLock_Init
 .text.LightLock_Lock
                0x00112d98       0x94 /home/urakn0x/devkitPro/libctru/lib/libctru.a(synchronization.o)
                0x00112d98                LightLock_Lock
 .text.LightLock_TryLock
                0x00112e2c       0x34 /home/urakn0x/devkitPro/libctru/lib/libctru.a(synchronization.o)
                0x00112e2c                LightLock_TryLock
 .text.LightLock_Unlock
                0x00112e60       0x20 /home/urakn0x/devkitPro/libctru/lib/libctru.a(synchronization.o)
                0x00112e60                LightLock_Unlock
 .text.RecursiveLock_Init
                0x00112e80       0x24 /home/urakn0x/devkitPro/libctru/lib/libctru.a(synchronization.o)
                0x00112e80                RecursiveLock_Init
 .text.RecursiveLock_Lock
                0x00112ea4       0x30 /home/urakn0x/devkitPro/libctru/lib/libctru.a(synchronization.o)
                0x00112ea4                RecursiveLock_Lock
 .text.RecursiveLock_TryLock
                0x00112ed4       0x58 /home/urakn0x/devkitPro/libctru/lib/libctru.a(synchronization.o)
                0x00112ed4                RecursiveLock_TryLock
 .text.RecursiveLock_Unlock
                0x00112f2c       0x38 /home/urakn0x/devkitPro/libctru/lib/libctru.a(synchronization.o)
                0x00112f2c                RecursiveLock_Unlock
 .text.srvExit  0x00112f64       0x50 /home/urakn0x/devkitPro/libctru/lib/libctru.a(srv.o)
                0x00112f64                srvExit
 .text.srvRegisterClient
                0x00112fb4       0x38 /home/urakn0x/devkitPro/libctru/lib/libctru.a(srv.o)
                0x00112fb4                srvRegisterClient
 .text.srvInit  0x00112fec       0x70 /home/urakn0x/devkitPro/libctru/lib/libctru.a(srv.o)
                0x00112fec                srvInit
 .text.srvGetServiceHandleDirect
                0x0011305c       0x68 /home/urakn0x/devkitPro/libctru/lib/libctru.a(srv.o)
                0x0011305c                srvGetServiceHandleDirect
 .text.srvGetServiceHandle
                0x001130c4       0x38 /home/urakn0x/devkitPro/libctru/lib/libctru.a(srv.o)
                0x001130c4                srvGetServiceHandle
 .text.threadCreate
                0x001130fc      0x1c8 /home/urakn0x/devkitPro/libctru/lib/libctru.a(thread.o)
                0x001130fc                threadCreate
 .text.threadJoin
                0x001132c4       0x24 /home/urakn0x/devkitPro/libctru/lib/libctru.a(thread.o)
                0x001132c4                threadJoin
 .text.threadExit
                0x001132e8       0x6c /home/urakn0x/devkitPro/libctru/lib/libctru.a(thread.o)
                0x001132e8                threadExit
 .text._thread_begin
                0x00113354       0x3c /home/urakn0x/devkitPro/libctru/lib/libctru.a(thread.o)
 .text.irrstScanInput
                0x00113390       0xb0 /home/urakn0x/devkitPro/libctru/lib/libctru.a(irrst.o)
                0x00113390                irrstScanInput
 .text.irrstKeysHeld
                0x00113440       0x1c /home/urakn0x/devkitPro/libctru/lib/libctru.a(irrst.o)
                0x00113440                irrstKeysHeld
 .text.IRRST_GetHandles
                0x0011345c       0x50 /home/urakn0x/devkitPro/libctru/lib/libctru.a(irrst.o)
                0x0011345c                IRRST_GetHandles
 .text.irrstInit
                0x001134ac      0x148 /home/urakn0x/devkitPro/libctru/lib/libctru.a(irrst.o)
                0x001134ac                irrstInit
 .text.IRRST_Shutdown
                0x001135f4       0x2c /home/urakn0x/devkitPro/libctru/lib/libctru.a(irrst.o)
                0x001135f4                IRRST_Shutdown
 .text.irrstExit
                0x00113620       0xb0 /home/urakn0x/devkitPro/libctru/lib/libctru.a(irrst.o)
                0x00113620                irrstExit
 .text.rbtree_node_next
                0x001136d0       0x8c /home/urakn0x/devkitPro/libctru/lib/libctru.a(rbtree_iterator.o)
                0x001136d0                rbtree_node_next
 .text.__appInit
                0x0011375c       0x1c /home/urakn0x/devkitPro/libctru/lib/libctru.a(appInit.o)
                0x0011375c                __appInit
 .text.__appExit
                0x00113778       0x1c /home/urakn0x/devkitPro/libctru/lib/libctru.a(appExit.o)
                0x00113778                __appExit
 .text.__libctru_exit
                0x00113794       0xa4 /home/urakn0x/devkitPro/libctru/lib/libctru.a(ctru_exit.o)
                0x00113794                __libctru_exit
 .text.envGetHandle
                0x00113838       0x94 /home/urakn0x/devkitPro/libctru/lib/libctru.a(env.o)
                0x00113838                envGetHandle
 .text.envDestroyHandles
                0x001138cc       0x4c /home/urakn0x/devkitPro/libctru/lib/libctru.a(env.o)
                0x001138cc                envDestroyHandles
 .text.sdmc_link
                0x00113918       0x10 /home/urakn0x/devkitPro/libctru/lib/libctru.a(sdmc_dev.o)
 .text.sdmc_dirreset
                0x00113928       0x10 /home/urakn0x/devkitPro/libctru/lib/libctru.a(sdmc_dev.o)
 .text.sdmc_chmod
                0x00113938       0x10 /home/urakn0x/devkitPro/libctru/lib/libctru.a(sdmc_dev.o)
 .text.sdmc_fchmod
                0x00113948       0x10 /home/urakn0x/devkitPro/libctru/lib/libctru.a(sdmc_dev.o)
 .text.error_cmp
                0x00113958       0x24 /home/urakn0x/devkitPro/libctru/lib/libctru.a(sdmc_dev.o)
 .text.sdmc_translate_error
                0x0011397c       0x50 /home/urakn0x/devkitPro/libctru/lib/libctru.a(sdmc_dev.o)
 .text.sdmc_fsync
                0x001139cc       0x34 /home/urakn0x/devkitPro/libctru/lib/libctru.a(sdmc_dev.o)
 .text.sdmc_ftruncate
                0x00113a00       0x54 /home/urakn0x/devkitPro/libctru/lib/libctru.a(sdmc_dev.o)
 .text.sdmc_statvfs
                0x00113a54       0xac /home/urakn0x/devkitPro/libctru/lib/libctru.a(sdmc_dev.o)
 .text.sdmc_dirclose
                0x00113b00       0x38 /home/urakn0x/devkitPro/libctru/lib/libctru.a(sdmc_dev.o)
 .text.sdmc_dirnext
                0x00113b38       0xe0 /home/urakn0x/devkitPro/libctru/lib/libctru.a(sdmc_dev.o)
 .text.sdmc_close
                0x00113c18       0x34 /home/urakn0x/devkitPro/libctru/lib/libctru.a(sdmc_dev.o)
 .text.sdmc_fstat
                0x00113c4c       0x74 /home/urakn0x/devkitPro/libctru/lib/libctru.a(sdmc_dev.o)
 .text.sdmc_seek
                0x00113cc0       0xc0 /home/urakn0x/devkitPro/libctru/lib/libctru.a(sdmc_dev.o)
 .text.sdmc_read
                0x00113d80       0x8c /home/urakn0x/devkitPro/libctru/lib/libctru.a(sdmc_dev.o)
 .text.sdmc_write_safe
                0x00113e0c      0x110 /home/urakn0x/devkitPro/libctru/lib/libctru.a(sdmc_dev.o)
 .text.sdmc_utf16path
                0x00113f1c      0x1b4 /home/urakn0x/devkitPro/libctru/lib/libctru.a(sdmc_dev.o)
 .text.sdmc_rmdir
                0x001140d0       0x80 /home/urakn0x/devkitPro/libctru/lib/libctru.a(sdmc_dev.o)
 .text.sdmc_diropen
                0x00114150       0x9c /home/urakn0x/devkitPro/libctru/lib/libctru.a(sdmc_dev.o)
 .text.sdmc_chdir
                0x001141ec       0xa8 /home/urakn0x/devkitPro/libctru/lib/libctru.a(sdmc_dev.o)
 .text.sdmc_mkdir
                0x00114294       0xa4 /home/urakn0x/devkitPro/libctru/lib/libctru.a(sdmc_dev.o)
 .text.sdmc_rename
                0x00114338      0x138 /home/urakn0x/devkitPro/libctru/lib/libctru.a(sdmc_dev.o)
 .text.sdmc_unlink
                0x00114470       0x80 /home/urakn0x/devkitPro/libctru/lib/libctru.a(sdmc_dev.o)
 .text.sdmc_stat
                0x001144f0      0x120 /home/urakn0x/devkitPro/libctru/lib/libctru.a(sdmc_dev.o)
 .text.sdmc_open
                0x00114610      0x1ac /home/urakn0x/devkitPro/libctru/lib/libctru.a(sdmc_dev.o)
 .text.sdmcInit
                0x001147bc      0x134 /home/urakn0x/devkitPro/libctru/lib/libctru.a(sdmc_dev.o)
                0x001147bc                sdmcInit
 .text.sdmcExit
                0x001148f0       0x50 /home/urakn0x/devkitPro/libctru/lib/libctru.a(sdmc_dev.o)
                0x001148f0                sdmcExit
 .text.fsInit   0x00114940       0xc8 /home/urakn0x/devkitPro/libctru/lib/libctru.a(fs.o)
                0x00114940                fsInit
 .text.fsExit   0x00114a08       0x34 /home/urakn0x/devkitPro/libctru/lib/libctru.a(fs.o)
                0x00114a08                fsExit
 .text.FSUSER_OpenFile
                0x00114a3c       0xdc /home/urakn0x/devkitPro/libctru/lib/libctru.a(fs.o)
                0x00114a3c                FSUSER_OpenFile
 .text.FSUSER_DeleteFile
                0x00114b18       0xb8 /home/urakn0x/devkitPro/libctru/lib/libctru.a(fs.o)
                0x00114b18                FSUSER_DeleteFile
 .text.FSUSER_RenameFile
                0x00114bd0       0xf4 /home/urakn0x/devkitPro/libctru/lib/libctru.a(fs.o)
                0x00114bd0                FSUSER_RenameFile
 .text.FSUSER_DeleteDirectory
                0x00114cc4       0xb8 /home/urakn0x/devkitPro/libctru/lib/libctru.a(fs.o)
                0x00114cc4                FSUSER_DeleteDirectory
 .text.FSUSER_CreateFile
                0x00114d7c       0xd0 /home/urakn0x/devkitPro/libctru/lib/libctru.a(fs.o)
                0x00114d7c                FSUSER_CreateFile
 .text.FSUSER_CreateDirectory
                0x00114e4c       0xc0 /home/urakn0x/devkitPro/libctru/lib/libctru.a(fs.o)
                0x00114e4c                FSUSER_CreateDirectory
 .text.FSUSER_RenameDirectory
                0x00114f0c       0xf4 /home/urakn0x/devkitPro/libctru/lib/libctru.a(fs.o)
                0x00114f0c                FSUSER_RenameDirectory
 .text.FSUSER_OpenDirectory
                0x00115000       0xc4 /home/urakn0x/devkitPro/libctru/lib/libctru.a(fs.o)
                0x00115000                FSUSER_OpenDirectory
 .text.FSUSER_OpenArchive
                0x001150c4       0xbc /home/urakn0x/devkitPro/libctru/lib/libctru.a(fs.o)
                0x001150c4                FSUSER_OpenArchive
 .text.FSUSER_CloseArchive
                0x00115180       0x88 /home/urakn0x/devkitPro/libctru/lib/libctru.a(fs.o)
                0x00115180                FSUSER_CloseArchive
 .text.FSUSER_GetSdmcArchiveResource
                0x00115208       0x8c /home/urakn0x/devkitPro/libctru/lib/libctru.a(fs.o)
                0x00115208                FSUSER_GetSdmcArchiveResource
 .text.FSUSER_IsSdmcWritable
                0x00115294       0x64 /home/urakn0x/devkitPro/libctru/lib/libctru.a(fs.o)
                0x00115294                FSUSER_IsSdmcWritable
 .text.FSFILE_Read
                0x001152f8       0x5c /home/urakn0x/devkitPro/libctru/lib/libctru.a(fs.o)
                0x001152f8                FSFILE_Read
 .text.FSFILE_Write
                0x00115354       0x64 /home/urakn0x/devkitPro/libctru/lib/libctru.a(fs.o)
                0x00115354                FSFILE_Write
 .text.FSFILE_GetSize
                0x001153b8       0x3c /home/urakn0x/devkitPro/libctru/lib/libctru.a(fs.o)
                0x001153b8                FSFILE_GetSize
 .text.FSFILE_SetSize
                0x001153f4       0x2c /home/urakn0x/devkitPro/libctru/lib/libctru.a(fs.o)
                0x001153f4                FSFILE_SetSize
 .text.FSFILE_Close
                0x00115420       0x3c /home/urakn0x/devkitPro/libctru/lib/libctru.a(fs.o)
                0x00115420                FSFILE_Close
 .text.FSFILE_Flush
                0x0011545c       0x24 /home/urakn0x/devkitPro/libctru/lib/libctru.a(fs.o)
                0x0011545c                FSFILE_Flush
 .text.FSDIR_Read
                0x00115480       0x54 /home/urakn0x/devkitPro/libctru/lib/libctru.a(fs.o)
                0x00115480                FSDIR_Read
 .text.FSDIR_Close
                0x001154d4       0x3c /home/urakn0x/devkitPro/libctru/lib/libctru.a(fs.o)
                0x001154d4                FSDIR_Close
 .text.utf16_to_utf8
                0x00115510       0xe4 /home/urakn0x/devkitPro/libctru/lib/libctru.a(utf16_to_utf8.o)
                0x00115510                utf16_to_utf8
 .text.decode_utf16
                0x001155f4       0x60 /home/urakn0x/devkitPro/libctru/lib/libctru.a(decode_utf16.o)
                0x001155f4                decode_utf16
 .text.decode_utf8
                0x00115654      0x138 /home/urakn0x/devkitPro/libctru/lib/libctru.a(decode_utf8.o)
                0x00115654                decode_utf8
 .text.utf8_to_utf16
                0x0011578c       0xbc /home/urakn0x/devkitPro/libctru/lib/libctru.a(utf8_to_utf16.o)
                0x0011578c                utf8_to_utf16
 .text.__aeabi_read_tp
                0x00115848        0xc /home/urakn0x/devkitPro/libctru/lib/libctru.a(readtp.o)
                0x00115848                __aeabi_read_tp
 .text.encode_utf16
                0x00115854       0x68 /home/urakn0x/devkitPro/libctru/lib/libctru.a(encode_utf16.o)
                0x00115854                encode_utf16
 .text.encode_utf8
                0x001158bc      0x104 /home/urakn0x/devkitPro/libctru/lib/libctru.a(encode_utf8.o)
                0x001158bc                encode_utf8
 .text.bsearch  0x001159c0       0x78 /home/urakn0x/devkitPro/devkitARM/bin/../lib/gcc/arm-none-eabi/5.3.0/../../../../arm-none-eabi/lib/armv6k/fpu/libg.a(lib_a-bsearch.o)
                0x001159c0                bsearch
 .text.__errno  0x00115a38        0xc /home/urakn0x/devkitPro/devkitARM/bin/../lib/gcc/arm-none-eabi/5.3.0/../../../../arm-none-eabi/lib/armv6k/fpu/libg.a(lib_a-errno.o)
                0x00115a38                __errno
 .text.exit     0x00115a44       0x34 /home/urakn0x/devkitPro/devkitARM/bin/../lib/gcc/arm-none-eabi/5.3.0/../../../../arm-none-eabi/lib/armv6k/fpu/libg.a(lib_a-exit.o)
                0x00115a44                exit
 .text.__libc_fini_array
                0x00115a78       0x3c /home/urakn0x/devkitPro/devkitARM/bin/../lib/gcc/arm-none-eabi/5.3.0/../../../../arm-none-eabi/lib/armv6k/fpu/libg.a(lib_a-fini.o)
                0x00115a78                __libc_fini_array
 .text.__libc_init_array
                0x00115ab4       0x78 /home/urakn0x/devkitPro/devkitARM/bin/../lib/gcc/arm-none-eabi/5.3.0/../../../../arm-none-eabi/lib/armv6k/fpu/libg.a(lib_a-init.o)
                0x00115ab4                __libc_init_array
 .text.memalign
                0x00115b2c       0x20 /home/urakn0x/devkitPro/devkitARM/bin/../lib/gcc/arm-none-eabi/5.3.0/../../../../arm-none-eabi/lib/armv6k/fpu/libg.a(lib_a-malign.o)
                0x00115b2c                memalign
 .text._memalign_r
                0x00115b4c      0x15c /home/urakn0x/devkitPro/devkitARM/bin/../lib/gcc/arm-none-eabi/5.3.0/../../../../arm-none-eabi/lib/armv6k/fpu/libg.a(lib_a-malignr.o)
                0x00115b4c                _memalign_r
 .text.malloc   0x00115ca8       0x18 /home/urakn0x/devkitPro/devkitARM/bin/../lib/gcc/arm-none-eabi/5.3.0/../../../../arm-none-eabi/lib/armv6k/fpu/libg.a(lib_a-malloc.o)
                0x00115ca8                malloc
 .text.free     0x00115cc0       0x18 /home/urakn0x/devkitPro/devkitARM/bin/../lib/gcc/arm-none-eabi/5.3.0/../../../../arm-none-eabi/lib/armv6k/fpu/libg.a(lib_a-malloc.o)
                0x00115cc0                free
 .text._malloc_r
                0x00115cd8      0x7a8 /home/urakn0x/devkitPro/devkitARM/bin/../lib/gcc/arm-none-eabi/5.3.0/../../../../arm-none-eabi/lib/armv6k/fpu/libg.a(lib_a-mallocr.o)
                0x00115cd8                _malloc_r
 .text.memcmp   0x00116480       0xa8 /home/urakn0x/devkitPro/devkitARM/bin/../lib/gcc/arm-none-eabi/5.3.0/../../../../arm-none-eabi/lib/armv6k/fpu/libg.a(lib_a-memcmp.o)
                0x00116480                memcmp
 .text.memcpy   0x00116528       0xf0 /home/urakn0x/devkitPro/devkitARM/bin/../lib/gcc/arm-none-eabi/5.3.0/../../../../arm-none-eabi/lib/armv6k/fpu/libg.a(lib_a-memcpy.o)
                0x00116528                memcpy
 .text.memset   0x00116618       0xf4 /home/urakn0x/devkitPro/devkitARM/bin/../lib/gcc/arm-none-eabi/5.3.0/../../../../arm-none-eabi/lib/armv6k/fpu/libg.a(lib_a-memset.o)
                0x00116618                memset
 .text.__malloc_lock
                0x0011670c        0xc /home/urakn0x/devkitPro/devkitARM/bin/../lib/gcc/arm-none-eabi/5.3.0/../../../../arm-none-eabi/lib/armv6k/fpu/libg.a(lib_a-mlock.o)
                0x0011670c                __malloc_lock
 .text.__malloc_unlock
                0x00116718        0xc /home/urakn0x/devkitPro/devkitARM/bin/../lib/gcc/arm-none-eabi/5.3.0/../../../../arm-none-eabi/lib/armv6k/fpu/libg.a(lib_a-mlock.o)
                0x00116718                __malloc_unlock
 .text.printf   0x00116724       0x38 /home/urakn0x/devkitPro/devkitARM/bin/../lib/gcc/arm-none-eabi/5.3.0/../../../../arm-none-eabi/lib/armv6k/fpu/libg.a(lib_a-printf.o)
                0x00116724                printf
 .text._puts_r  0x0011675c       0xec /home/urakn0x/devkitPro/devkitARM/bin/../lib/gcc/arm-none-eabi/5.3.0/../../../../arm-none-eabi/lib/armv6k/fpu/libg.a(lib_a-puts.o)
                0x0011675c                _puts_r
 .text.puts     0x00116848       0x18 /home/urakn0x/devkitPro/devkitARM/bin/../lib/gcc/arm-none-eabi/5.3.0/../../../../arm-none-eabi/lib/armv6k/fpu/libg.a(lib_a-puts.o)
                0x00116848                puts
 .text.setvbuf  0x00116860      0x1fc /home/urakn0x/devkitPro/devkitARM/bin/../lib/gcc/arm-none-eabi/5.3.0/../../../../arm-none-eabi/lib/armv6k/fpu/libg.a(lib_a-setvbuf.o)
                0x00116860                setvbuf
 .text.sscanf   0x00116a5c       0x74 /home/urakn0x/devkitPro/devkitARM/bin/../lib/gcc/arm-none-eabi/5.3.0/../../../../arm-none-eabi/lib/armv6k/fpu/libg.a(lib_a-sscanf.o)
                0x00116a5c                sscanf
 .text.__sread  0x00116ad0       0x30 /home/urakn0x/devkitPro/devkitARM/bin/../lib/gcc/arm-none-eabi/5.3.0/../../../../arm-none-eabi/lib/armv6k/fpu/libg.a(lib_a-stdio.o)
                0x00116ad0                __sread
 .text.__seofread
                0x00116b00        0x8 /home/urakn0x/devkitPro/devkitARM/bin/../lib/gcc/arm-none-eabi/5.3.0/../../../../arm-none-eabi/lib/armv6k/fpu/libg.a(lib_a-stdio.o)
                0x00116b00                __seofread
 .text.__swrite
                0x00116b08       0x54 /home/urakn0x/devkitPro/devkitARM/bin/../lib/gcc/arm-none-eabi/5.3.0/../../../../arm-none-eabi/lib/armv6k/fpu/libg.a(lib_a-stdio.o)
                0x00116b08                __swrite
 .text.__sseek  0x00116b5c       0x2c /home/urakn0x/devkitPro/devkitARM/bin/../lib/gcc/arm-none-eabi/5.3.0/../../../../arm-none-eabi/lib/armv6k/fpu/libg.a(lib_a-stdio.o)
                0x00116b5c                __sseek
 .text.__sclose
                0x00116b88        0x8 /home/urakn0x/devkitPro/devkitARM/bin/../lib/gcc/arm-none-eabi/5.3.0/../../../../arm-none-eabi/lib/armv6k/fpu/libg.a(lib_a-stdio.o)
                0x00116b88                __sclose
 .text.strchr   0x00116b90      0x15c /home/urakn0x/devkitPro/devkitARM/bin/../lib/gcc/arm-none-eabi/5.3.0/../../../../arm-none-eabi/lib/armv6k/fpu/libg.a(lib_a-strchr.o)
                0x00116b90                strchr
 .text.strdup   0x00116cec       0x18 /home/urakn0x/devkitPro/devkitARM/bin/../lib/gcc/arm-none-eabi/5.3.0/../../../../arm-none-eabi/lib/armv6k/fpu/libg.a(lib_a-strdup.o)
                0x00116cec                strdup
 .text._strdup_r
                0x00116d04       0x40 /home/urakn0x/devkitPro/devkitARM/bin/../lib/gcc/arm-none-eabi/5.3.0/../../../../arm-none-eabi/lib/armv6k/fpu/libg.a(lib_a-strdup_r.o)
                0x00116d04                _strdup_r
 .text.strlen   0x00116d44       0x5c /home/urakn0x/devkitPro/devkitARM/bin/../lib/gcc/arm-none-eabi/5.3.0/../../../../arm-none-eabi/lib/armv6k/fpu/libg.a(lib_a-strlen.o)
                0x00116d44                strlen
 .text.strncat  0x00116da0       0xa4 /home/urakn0x/devkitPro/devkitARM/bin/../lib/gcc/arm-none-eabi/5.3.0/../../../../arm-none-eabi/lib/armv6k/fpu/libg.a(lib_a-strncat.o)
                0x00116da0                strncat
 .text.strncpy  0x00116e44       0xe0 /home/urakn0x/devkitPro/devkitARM/bin/../lib/gcc/arm-none-eabi/5.3.0/../../../../arm-none-eabi/lib/armv6k/fpu/libg.a(lib_a-strncpy.o)
                0x00116e44                strncpy
 .text.__ssvfscanf_r
                0x00116f24     0x2c20 /home/urakn0x/devkitPro/devkitARM/bin/../lib/gcc/arm-none-eabi/5.3.0/../../../../arm-none-eabi/lib/armv6k/fpu/libg.a(lib_a-svfscanf.o)
                0x00116f24                __ssvfscanf_r
 .text.close    0x00119b44       0x18 /home/urakn0x/devkitPro/devkitARM/bin/../lib/gcc/arm-none-eabi/5.3.0/../../../../arm-none-eabi/lib/armv6k/fpu/libg.a(lib_a-sysclose.o)
                0x00119b44                close
 .text.lseek    0x00119b5c       0x28 /home/urakn0x/devkitPro/devkitARM/bin/../lib/gcc/arm-none-eabi/5.3.0/../../../../arm-none-eabi/lib/armv6k/fpu/libg.a(lib_a-syslseek.o)
                0x00119b5c                lseek
 .text.open     0x00119b84       0x40 /home/urakn0x/devkitPro/devkitARM/bin/../lib/gcc/arm-none-eabi/5.3.0/../../../../arm-none-eabi/lib/armv6k/fpu/libg.a(lib_a-sysopen.o)
                0x00119b84                open
 .text.read     0x00119bc4       0x28 /home/urakn0x/devkitPro/devkitARM/bin/../lib/gcc/arm-none-eabi/5.3.0/../../../../arm-none-eabi/lib/armv6k/fpu/libg.a(lib_a-sysread.o)
                0x00119bc4                read
 .text.__sprint_r.part.0
                0x00119bec       0xa4 /home/urakn0x/devkitPro/devkitARM/bin/../lib/gcc/arm-none-eabi/5.3.0/../../../../arm-none-eabi/lib/armv6k/fpu/libg.a(lib_a-vfiprintf.o)
 .text.__sprint_r
                0x00119c90       0x1c /home/urakn0x/devkitPro/devkitARM/bin/../lib/gcc/arm-none-eabi/5.3.0/../../../../arm-none-eabi/lib/armv6k/fpu/libg.a(lib_a-vfiprintf.o)
                0x00119c90                __sprint_r
 .text.get_arg  0x00119cac     0x161c /home/urakn0x/devkitPro/devkitARM/bin/../lib/gcc/arm-none-eabi/5.3.0/../../../../arm-none-eabi/lib/armv6k/fpu/libg.a(lib_a-vfprintf.o)
 .text._vfprintf_r
                0x0011b2c8     0x4878 /home/urakn0x/devkitPro/devkitARM/bin/../lib/gcc/arm-none-eabi/5.3.0/../../../../arm-none-eabi/lib/armv6k/fpu/libg.a(lib_a-vfprintf.o)
                0x0011b2c8                _vfprintf_r
 .text.__sbprintf
                0x0011fb40       0xcc /home/urakn0x/devkitPro/devkitARM/bin/../lib/gcc/arm-none-eabi/5.3.0/../../../../arm-none-eabi/lib/armv6k/fpu/libg.a(lib_a-vfprintf.o)
 .text._wcrtomb_r
                0x0011fc0c       0x8c /home/urakn0x/devkitPro/devkitARM/bin/../lib/gcc/arm-none-eabi/5.3.0/../../../../arm-none-eabi/lib/armv6k/fpu/libg.a(lib_a-wcrtomb.o)
                0x0011fc0c                _wcrtomb_r
 .text._wcsrtombs_r
                0x0011fc98       0x20 /home/urakn0x/devkitPro/devkitARM/bin/../lib/gcc/arm-none-eabi/5.3.0/../../../../arm-none-eabi/lib/armv6k/fpu/libg.a(lib_a-wcsrtombs.o)
                0x0011fc98                _wcsrtombs_r
 .text.__utf8_wctomb
                0x0011fcb8      0x114 /home/urakn0x/devkitPro/devkitARM/bin/../lib/gcc/arm-none-eabi/5.3.0/../../../../arm-none-eabi/lib/armv6k/fpu/libg.a(lib_a-wctomb_r.o)
                0x0011fcb8                __utf8_wctomb
 .text.__swsetup_r
                0x0011fdcc      0x148 /home/urakn0x/devkitPro/devkitARM/bin/../lib/gcc/arm-none-eabi/5.3.0/../../../../arm-none-eabi/lib/armv6k/fpu/libg.a(lib_a-wsetup.o)
                0x0011fdcc                __swsetup_r
 .text.__call_exitprocs
                0x0011ff14      0x174 /home/urakn0x/devkitPro/devkitARM/bin/../lib/gcc/arm-none-eabi/5.3.0/../../../../arm-none-eabi/lib/armv6k/fpu/libg.a(lib_a-__call_atexit.o)
                0x0011ff14                __call_exitprocs
 .text.quorem   0x00120088      0x1bc /home/urakn0x/devkitPro/devkitARM/bin/../lib/gcc/arm-none-eabi/5.3.0/../../../../arm-none-eabi/lib/armv6k/fpu/libg.a(lib_a-dtoa.o)
 *fill*         0x00120244        0x4 
 .text._dtoa_r  0x00120248     0x12c8 /home/urakn0x/devkitPro/devkitARM/bin/../lib/gcc/arm-none-eabi/5.3.0/../../../../arm-none-eabi/lib/armv6k/fpu/libg.a(lib_a-dtoa.o)
                0x00120248                _dtoa_r
 .text.__sflush_r
                0x00121510      0x230 /home/urakn0x/devkitPro/devkitARM/bin/../lib/gcc/arm-none-eabi/5.3.0/../../../../arm-none-eabi/lib/armv6k/fpu/libg.a(lib_a-fflush.o)
                0x00121510                __sflush_r
 .text._fflush_r
                0x00121740       0x90 /home/urakn0x/devkitPro/devkitARM/bin/../lib/gcc/arm-none-eabi/5.3.0/../../../../arm-none-eabi/lib/armv6k/fpu/libg.a(lib_a-fflush.o)
                0x00121740                _fflush_r
 .text._cleanup_r
                0x001217d0        0xc /home/urakn0x/devkitPro/devkitARM/bin/../lib/gcc/arm-none-eabi/5.3.0/../../../../arm-none-eabi/lib/armv6k/fpu/libg.a(lib_a-findfp.o)
                0x001217d0                _cleanup_r
 .text.std.isra.0
                0x001217dc       0x80 /home/urakn0x/devkitPro/devkitARM/bin/../lib/gcc/arm-none-eabi/5.3.0/../../../../arm-none-eabi/lib/armv6k/fpu/libg.a(lib_a-findfp.o)
 .text.__sinit  0x0012185c       0x8c /home/urakn0x/devkitPro/devkitARM/bin/../lib/gcc/arm-none-eabi/5.3.0/../../../../arm-none-eabi/lib/armv6k/fpu/libg.a(lib_a-findfp.o)
                0x0012185c                __sinit
 .text.__sfp_lock_acquire
                0x001218e8        0xc /home/urakn0x/devkitPro/devkitARM/bin/../lib/gcc/arm-none-eabi/5.3.0/../../../../arm-none-eabi/lib/armv6k/fpu/libg.a(lib_a-findfp.o)
                0x001218e8                __sfp_lock_acquire
 .text.__sfp_lock_release
                0x001218f4        0xc /home/urakn0x/devkitPro/devkitARM/bin/../lib/gcc/arm-none-eabi/5.3.0/../../../../arm-none-eabi/lib/armv6k/fpu/libg.a(lib_a-findfp.o)
                0x001218f4                __sfp_lock_release
 .text.__fputwc
                0x00121900      0x124 /home/urakn0x/devkitPro/devkitARM/bin/../lib/gcc/arm-none-eabi/5.3.0/../../../../arm-none-eabi/lib/armv6k/fpu/libg.a(lib_a-fputwc.o)
                0x00121900                __fputwc
 .text._fputwc_r
                0x00121a24       0xa8 /home/urakn0x/devkitPro/devkitARM/bin/../lib/gcc/arm-none-eabi/5.3.0/../../../../arm-none-eabi/lib/armv6k/fpu/libg.a(lib_a-fputwc.o)
                0x00121a24                _fputwc_r
 .text._malloc_trim_r
                0x00121acc       0xf8 /home/urakn0x/devkitPro/devkitARM/bin/../lib/gcc/arm-none-eabi/5.3.0/../../../../arm-none-eabi/lib/armv6k/fpu/libg.a(lib_a-freer.o)
                0x00121acc                _malloc_trim_r
 .text._free_r  0x00121bc4      0x2e4 /home/urakn0x/devkitPro/devkitARM/bin/../lib/gcc/arm-none-eabi/5.3.0/../../../../arm-none-eabi/lib/armv6k/fpu/libg.a(lib_a-freer.o)
                0x00121bc4                _free_r
 .text.__sfvwrite_r
                0x00121ea8      0x4a4 /home/urakn0x/devkitPro/devkitARM/bin/../lib/gcc/arm-none-eabi/5.3.0/../../../../arm-none-eabi/lib/armv6k/fpu/libg.a(lib_a-fvwrite.o)
                0x00121ea8                __sfvwrite_r
 .text._fwalk_reent
                0x0012234c       0x80 /home/urakn0x/devkitPro/devkitARM/bin/../lib/gcc/arm-none-eabi/5.3.0/../../../../arm-none-eabi/lib/armv6k/fpu/libg.a(lib_a-fwalk.o)
                0x0012234c                _fwalk_reent
 .text.iswspace
                0x001223cc       0x74 /home/urakn0x/devkitPro/devkitARM/bin/../lib/gcc/arm-none-eabi/5.3.0/../../../../arm-none-eabi/lib/armv6k/fpu/libg.a(lib_a-iswspace.o)
                0x001223cc                iswspace
 .text.__jp2uc  0x00122440      0x204 /home/urakn0x/devkitPro/devkitARM/bin/../lib/gcc/arm-none-eabi/5.3.0/../../../../arm-none-eabi/lib/armv6k/fpu/libg.a(lib_a-jp2uc.o)
 .text._jp2uc   0x00122644       0x84 /home/urakn0x/devkitPro/devkitARM/bin/../lib/gcc/arm-none-eabi/5.3.0/../../../../arm-none-eabi/lib/armv6k/fpu/libg.a(lib_a-jp2uc.o)
                0x00122644                _jp2uc
 .text.__locale_charset
                0x001226c8        0xc /home/urakn0x/devkitPro/devkitARM/bin/../lib/gcc/arm-none-eabi/5.3.0/../../../../arm-none-eabi/lib/armv6k/fpu/libg.a(lib_a-locale.o)
                0x001226c8                __locale_charset
 .text.__locale_mb_cur_max
                0x001226d4       0x10 /home/urakn0x/devkitPro/devkitARM/bin/../lib/gcc/arm-none-eabi/5.3.0/../../../../arm-none-eabi/lib/armv6k/fpu/libg.a(lib_a-locale.o)
                0x001226d4                __locale_mb_cur_max
 .text._localeconv_r
                0x001226e4        0xc /home/urakn0x/devkitPro/devkitARM/bin/../lib/gcc/arm-none-eabi/5.3.0/../../../../arm-none-eabi/lib/armv6k/fpu/libg.a(lib_a-locale.o)
                0x001226e4                _localeconv_r
 .text.__smakebuf_r
                0x001226f0      0x160 /home/urakn0x/devkitPro/devkitARM/bin/../lib/gcc/arm-none-eabi/5.3.0/../../../../arm-none-eabi/lib/armv6k/fpu/libg.a(lib_a-makebuf.o)
                0x001226f0                __smakebuf_r
 .text._mbrtowc_r
                0x00122850       0x98 /home/urakn0x/devkitPro/devkitARM/bin/../lib/gcc/arm-none-eabi/5.3.0/../../../../arm-none-eabi/lib/armv6k/fpu/libg.a(lib_a-mbrtowc.o)
                0x00122850                _mbrtowc_r
 .text.__utf8_mbtowc
                0x001228e8      0x2fc /home/urakn0x/devkitPro/devkitARM/bin/../lib/gcc/arm-none-eabi/5.3.0/../../../../arm-none-eabi/lib/armv6k/fpu/libg.a(lib_a-mbtowc_r.o)
                0x001228e8                __utf8_mbtowc
 .text.memchr   0x00122be4      0x100 /home/urakn0x/devkitPro/devkitARM/bin/../lib/gcc/arm-none-eabi/5.3.0/../../../../arm-none-eabi/lib/armv6k/fpu/libg.a(lib_a-memchr.o)
                0x00122be4                memchr
 .text.memmove  0x00122ce4      0x128 /home/urakn0x/devkitPro/devkitARM/bin/../lib/gcc/arm-none-eabi/5.3.0/../../../../arm-none-eabi/lib/armv6k/fpu/libg.a(lib_a-memmove.o)
                0x00122ce4                memmove
 .text._Balloc  0x00122e0c       0x8c /home/urakn0x/devkitPro/devkitARM/bin/../lib/gcc/arm-none-eabi/5.3.0/../../../../arm-none-eabi/lib/armv6k/fpu/libg.a(lib_a-mprec.o)
                0x00122e0c                _Balloc
 .text._Bfree   0x00122e98       0x1c /home/urakn0x/devkitPro/devkitARM/bin/../lib/gcc/arm-none-eabi/5.3.0/../../../../arm-none-eabi/lib/armv6k/fpu/libg.a(lib_a-mprec.o)
                0x00122e98                _Bfree
 .text.__multadd
                0x00122eb4       0xd0 /home/urakn0x/devkitPro/devkitARM/bin/../lib/gcc/arm-none-eabi/5.3.0/../../../../arm-none-eabi/lib/armv6k/fpu/libg.a(lib_a-mprec.o)
                0x00122eb4                __multadd
 .text.__s2b    0x00122f84       0xe4 /home/urakn0x/devkitPro/devkitARM/bin/../lib/gcc/arm-none-eabi/5.3.0/../../../../arm-none-eabi/lib/armv6k/fpu/libg.a(lib_a-mprec.o)
                0x00122f84                __s2b
 .text.__hi0bits
                0x00123068       0x5c /home/urakn0x/devkitPro/devkitARM/bin/../lib/gcc/arm-none-eabi/5.3.0/../../../../arm-none-eabi/lib/armv6k/fpu/libg.a(lib_a-mprec.o)
                0x00123068                __hi0bits
 .text.__lo0bits
                0x001230c4       0x98 /home/urakn0x/devkitPro/devkitARM/bin/../lib/gcc/arm-none-eabi/5.3.0/../../../../arm-none-eabi/lib/armv6k/fpu/libg.a(lib_a-mprec.o)
                0x001230c4                __lo0bits
 .text.__i2b    0x0012315c       0x20 /home/urakn0x/devkitPro/devkitARM/bin/../lib/gcc/arm-none-eabi/5.3.0/../../../../arm-none-eabi/lib/armv6k/fpu/libg.a(lib_a-mprec.o)
                0x0012315c                __i2b
 .text.__multiply
                0x0012317c      0x1dc /home/urakn0x/devkitPro/devkitARM/bin/../lib/gcc/arm-none-eabi/5.3.0/../../../../arm-none-eabi/lib/armv6k/fpu/libg.a(lib_a-mprec.o)
                0x0012317c                __multiply
 .text.__pow5mult
                0x00123358      0x100 /home/urakn0x/devkitPro/devkitARM/bin/../lib/gcc/arm-none-eabi/5.3.0/../../../../arm-none-eabi/lib/armv6k/fpu/libg.a(lib_a-mprec.o)
                0x00123358                __pow5mult
 .text.__lshift
                0x00123458       0xf0 /home/urakn0x/devkitPro/devkitARM/bin/../lib/gcc/arm-none-eabi/5.3.0/../../../../arm-none-eabi/lib/armv6k/fpu/libg.a(lib_a-mprec.o)
                0x00123458                __lshift
 .text.__mcmp   0x00123548       0x64 /home/urakn0x/devkitPro/devkitARM/bin/../lib/gcc/arm-none-eabi/5.3.0/../../../../arm-none-eabi/lib/armv6k/fpu/libg.a(lib_a-mprec.o)
                0x00123548                __mcmp
 .text.__mdiff  0x001235ac      0x198 /home/urakn0x/devkitPro/devkitARM/bin/../lib/gcc/arm-none-eabi/5.3.0/../../../../arm-none-eabi/lib/armv6k/fpu/libg.a(lib_a-mprec.o)
                0x001235ac                __mdiff
 .text.__ulp    0x00123744       0x78 /home/urakn0x/devkitPro/devkitARM/bin/../lib/gcc/arm-none-eabi/5.3.0/../../../../arm-none-eabi/lib/armv6k/fpu/libg.a(lib_a-mprec.o)
                0x00123744                __ulp
 .text.__b2d    0x001237bc       0xd4 /home/urakn0x/devkitPro/devkitARM/bin/../lib/gcc/arm-none-eabi/5.3.0/../../../../arm-none-eabi/lib/armv6k/fpu/libg.a(lib_a-mprec.o)
                0x001237bc                __b2d
 .text.__d2b    0x00123890      0x104 /home/urakn0x/devkitPro/devkitARM/bin/../lib/gcc/arm-none-eabi/5.3.0/../../../../arm-none-eabi/lib/armv6k/fpu/libg.a(lib_a-mprec.o)
                0x00123890                __d2b
 .text.__ratio  0x00123994       0x78 /home/urakn0x/devkitPro/devkitARM/bin/../lib/gcc/arm-none-eabi/5.3.0/../../../../arm-none-eabi/lib/armv6k/fpu/libg.a(lib_a-mprec.o)
                0x00123994                __ratio
 .text.__copybits
                0x00123a0c       0x6c /home/urakn0x/devkitPro/devkitARM/bin/../lib/gcc/arm-none-eabi/5.3.0/../../../../arm-none-eabi/lib/armv6k/fpu/libg.a(lib_a-mprec.o)
                0x00123a0c                __copybits
 .text.__any_on
                0x00123a78       0x80 /home/urakn0x/devkitPro/devkitARM/bin/../lib/gcc/arm-none-eabi/5.3.0/../../../../arm-none-eabi/lib/armv6k/fpu/libg.a(lib_a-mprec.o)
                0x00123a78                __any_on
 .text._realloc_r
                0x00123af8      0x4c0 /home/urakn0x/devkitPro/devkitARM/bin/../lib/gcc/arm-none-eabi/5.3.0/../../../../arm-none-eabi/lib/armv6k/fpu/libg.a(lib_a-reallocr.o)
                0x00123af8                _realloc_r
 .text.__sccl   0x00123fb8       0xd0 /home/urakn0x/devkitPro/devkitARM/bin/../lib/gcc/arm-none-eabi/5.3.0/../../../../arm-none-eabi/lib/armv6k/fpu/libg.a(lib_a-sccl.o)
                0x00123fb8                __sccl
 .text.nanf     0x00124088        0xc /home/urakn0x/devkitPro/devkitARM/bin/../lib/gcc/arm-none-eabi/5.3.0/../../../../arm-none-eabi/lib/armv6k/fpu/libg.a(lib_a-sf_nan.o)
                0x00124088                nanf
 .text.__fpclassifyd
                0x00124094       0x74 /home/urakn0x/devkitPro/devkitARM/bin/../lib/gcc/arm-none-eabi/5.3.0/../../../../arm-none-eabi/lib/armv6k/fpu/libg.a(lib_a-s_fpclassify.o)
                0x00124094                __fpclassifyd
 .text.frexp    0x00124108       0x98 /home/urakn0x/devkitPro/devkitARM/bin/../lib/gcc/arm-none-eabi/5.3.0/../../../../arm-none-eabi/lib/armv6k/fpu/libg.a(lib_a-s_frexp.o)
                0x00124108                frexp
 .text.sprintf  0x001241a0       0x68 /home/urakn0x/devkitPro/devkitARM/bin/../lib/gcc/arm-none-eabi/5.3.0/../../../../arm-none-eabi/lib/armv6k/fpu/libg.a(lib_a-sprintf.o)
                0x001241a0                sprintf
 .text.stpncpy  0x00124208      0x108 /home/urakn0x/devkitPro/devkitARM/bin/../lib/gcc/arm-none-eabi/5.3.0/../../../../arm-none-eabi/lib/armv6k/fpu/libg.a(lib_a-stpncpy.o)
                0x00124208                stpncpy
 .text.strncmp  0x00124310      0x11c /home/urakn0x/devkitPro/devkitARM/bin/../lib/gcc/arm-none-eabi/5.3.0/../../../../arm-none-eabi/lib/armv6k/fpu/libg.a(lib_a-strncmp.o)
                0x00124310                strncmp
 .text.unlikely.sulp
                0x0012442c       0x58 /home/urakn0x/devkitPro/devkitARM/bin/../lib/gcc/arm-none-eabi/5.3.0/../../../../arm-none-eabi/lib/armv6k/fpu/libg.a(lib_a-strtod.o)
 *fill*         0x00124484        0x4 
 .text._strtod_r
                0x00124488     0x1450 /home/urakn0x/devkitPro/devkitARM/bin/../lib/gcc/arm-none-eabi/5.3.0/../../../../arm-none-eabi/lib/armv6k/fpu/libg.a(lib_a-strtod.o)
                0x00124488                _strtod_r
 .text._strtoll_r
                0x001258d8      0x25c /home/urakn0x/devkitPro/devkitARM/bin/../lib/gcc/arm-none-eabi/5.3.0/../../../../arm-none-eabi/lib/armv6k/fpu/libg.a(lib_a-strtoll_r.o)
                0x001258d8                _strtoll_r
 .text._strtol_r
                0x00125b34      0x1d4 /home/urakn0x/devkitPro/devkitARM/bin/../lib/gcc/arm-none-eabi/5.3.0/../../../../arm-none-eabi/lib/armv6k/fpu/libg.a(lib_a-strtol.o)
                0x00125b34                _strtol_r
 .text._strtoull_r
                0x00125d08      0x268 /home/urakn0x/devkitPro/devkitARM/bin/../lib/gcc/arm-none-eabi/5.3.0/../../../../arm-none-eabi/lib/armv6k/fpu/libg.a(lib_a-strtoull_r.o)
                0x00125d08                _strtoull_r
 .text._strtoul_r
                0x00125f70      0x1d4 /home/urakn0x/devkitPro/devkitARM/bin/../lib/gcc/arm-none-eabi/5.3.0/../../../../arm-none-eabi/lib/armv6k/fpu/libg.a(lib_a-strtoul.o)
                0x00125f70                _strtoul_r
 .text.__ssprint_r
                0x00126144      0x1a8 /home/urakn0x/devkitPro/devkitARM/bin/../lib/gcc/arm-none-eabi/5.3.0/../../../../arm-none-eabi/lib/armv6k/fpu/libg.a(lib_a-svfiprintf.o)
                0x00126144                __ssprint_r
 .text._sungetc_r
                0x001262ec       0xf8 /home/urakn0x/devkitPro/devkitARM/bin/../lib/gcc/arm-none-eabi/5.3.0/../../../../arm-none-eabi/lib/armv6k/fpu/libg.a(lib_a-svfiscanf.o)
                0x001262ec                _sungetc_r
 .text.__ssrefill_r
                0x001263e4       0x6c /home/urakn0x/devkitPro/devkitARM/bin/../lib/gcc/arm-none-eabi/5.3.0/../../../../arm-none-eabi/lib/armv6k/fpu/libg.a(lib_a-svfiscanf.o)
                0x001263e4                __ssrefill_r
 .text._sfread_r
                0x00126450       0xc8 /home/urakn0x/devkitPro/devkitARM/bin/../lib/gcc/arm-none-eabi/5.3.0/../../../../arm-none-eabi/lib/armv6k/fpu/libg.a(lib_a-svfiscanf.o)
                0x00126450                _sfread_r
 .text.get_arg  0x00126518     0x161c /home/urakn0x/devkitPro/devkitARM/bin/../lib/gcc/arm-none-eabi/5.3.0/../../../../arm-none-eabi/lib/armv6k/fpu/libg.a(lib_a-svfprintf.o)
 *fill*         0x00127b34        0x4 
 .text._svfprintf_r
                0x00127b38     0x4a00 /home/urakn0x/devkitPro/devkitARM/bin/../lib/gcc/arm-none-eabi/5.3.0/../../../../arm-none-eabi/lib/armv6k/fpu/libg.a(lib_a-svfprintf.o)
                0x00127b38                _svfprintf_r
 .text.__submore
                0x0012c538       0xa8 /home/urakn0x/devkitPro/devkitARM/bin/../lib/gcc/arm-none-eabi/5.3.0/../../../../arm-none-eabi/lib/armv6k/fpu/libg.a(lib_a-ungetc.o)
                0x0012c538                __submore
 .text.__swbuf_r
                0x0012c5e0      0x124 /home/urakn0x/devkitPro/devkitARM/bin/../lib/gcc/arm-none-eabi/5.3.0/../../../../arm-none-eabi/lib/armv6k/fpu/libg.a(lib_a-wbuf.o)
                0x0012c5e0                __swbuf_r
 .text._wcsnrtombs_r
                0x0012c704      0x190 /home/urakn0x/devkitPro/devkitARM/bin/../lib/gcc/arm-none-eabi/5.3.0/../../../../arm-none-eabi/lib/armv6k/fpu/libg.a(lib_a-wcsnrtombs.o)
                0x0012c704                _wcsnrtombs_r
 .text._calloc_r
                0x0012c894       0x90 /home/urakn0x/devkitPro/devkitARM/bin/../lib/gcc/arm-none-eabi/5.3.0/../../../../arm-none-eabi/lib/armv6k/fpu/libg.a(lib_a-callocr.o)
                0x0012c894                _calloc_r
 .text._fclose_r
                0x0012c924      0x120 /home/urakn0x/devkitPro/devkitARM/bin/../lib/gcc/arm-none-eabi/5.3.0/../../../../arm-none-eabi/lib/armv6k/fpu/libg.a(lib_a-fclose.o)
                0x0012c924                _fclose_r
 .text.rshift   0x0012ca44       0xec /home/urakn0x/devkitPro/devkitARM/bin/../lib/gcc/arm-none-eabi/5.3.0/../../../../arm-none-eabi/lib/armv6k/fpu/libg.a(lib_a-gdtoa-gethex.o)
 .text.__gethex
                0x0012cb30      0x7d0 /home/urakn0x/devkitPro/devkitARM/bin/../lib/gcc/arm-none-eabi/5.3.0/../../../../arm-none-eabi/lib/armv6k/fpu/libg.a(lib_a-gdtoa-gethex.o)
                0x0012cb30                __gethex
 .text.__hexnan
                0x0012d300      0x258 /home/urakn0x/devkitPro/devkitARM/bin/../lib/gcc/arm-none-eabi/5.3.0/../../../../arm-none-eabi/lib/armv6k/fpu/libg.a(lib_a-gdtoa-hexnan.o)
                0x0012d300                __hexnan
 .text.strnlen  0x0012d558       0x5c /home/urakn0x/devkitPro/devkitARM/bin/../lib/gcc/arm-none-eabi/5.3.0/../../../../arm-none-eabi/lib/armv6k/fpu/libg.a(lib_a-strnlen.o)
                0x0012d558                strnlen
 .text.strrchr  0x0012d5b4       0x44 /home/urakn0x/devkitPro/devkitARM/bin/../lib/gcc/arm-none-eabi/5.3.0/../../../../arm-none-eabi/lib/armv6k/fpu/libg.a(lib_a-strrchr.o)
                0x0012d5b4                strrchr
 *(.glue_7)
 .glue_7        0x0012d5f8        0x0 linker stubs
 *(.glue_7t)
 .glue_7t       0x0012d5f8        0x0 linker stubs
 *(.stub)
 *(.gnu.warning)
 *(.gnu.linkonce.t*)
                0x0012d5f8                . = ALIGN (0x4)
 *(.fini)
 .fini          0x0012d5f8        0xc /home/urakn0x/devkitPro/devkitARM/bin/../lib/gcc/arm-none-eabi/5.3.0/armv6k/fpu/crti.o
                0x0012d5f8                _fini
 .fini          0x0012d604        0xc /home/urakn0x/devkitPro/devkitARM/bin/../lib/gcc/arm-none-eabi/5.3.0/armv6k/fpu/crtn.o
                0x0012d610                . = ALIGN (0x4)

.vfp11_veneer   0x0012d610        0x0
 .vfp11_veneer  0x0012d610        0x0 linker stubs

.v4_bx          0x0012d610        0x0
 .v4_bx         0x0012d610        0x0 linker stubs

.iplt           0x0012d610        0x0
 .iplt          0x0012d610        0x0 /home/urakn0x/devkitPro/devkitARM/bin/../lib/gcc/arm-none-eabi/5.3.0/../../../../arm-none-eabi/lib/armv6k/fpu/3dsx_crt0.o

.rodata         0x0012e000     0x8a80
 *(.rodata)
 .rodata        0x0012e000     0x1000 HGx.o
 .rodata        0x0012f000       0x30 /home/urakn0x/devkitPro/libctru/lib/libsf2d.a(sf2d_texture.o)
 .rodata        0x0012f030      0x104 /home/urakn0x/devkitPro/libctru/lib/libsf2d.a(shader.vsh.o)
                0x0012f030                shader_vsh_shbin
                0x0012f130                shader_vsh_shbin_end
                0x0012f130                shader_vsh_shbin_size
 .rodata        0x0012f134      0x8a8 /home/urakn0x/devkitPro/portlibs/armv6k/lib/libz.a(inflate.o)
 .rodata        0x0012f9dc      0x130 /home/urakn0x/devkitPro/portlibs/armv6k/lib/libz.a(inftrees.o)
                0x0012fadc                inflate_copyright
 .rodata        0x0012fb0c       0x28 /home/urakn0x/devkitPro/portlibs/armv6k/lib/libz.a(zutil.o)
                0x0012fb0c                z_errmsg
 .rodata        0x0012fb34     0x2000 /home/urakn0x/devkitPro/portlibs/armv6k/lib/libz.a(crc32.o)
 .rodata        0x00131b34      0x168 /home/urakn0x/devkitPro/libctru/lib/libctru.a(console.o)
 .rodata        0x00131c9c       0x1c /home/urakn0x/devkitPro/libctru/lib/libctru.a(gfx.o)
 .rodata        0x00131cb8        0xc /home/urakn0x/devkitPro/libctru/lib/libctru.a(gpu-old.o)
                0x00131cb8                GPU_FORMATSIZE
                0x00131cbc                GPU_TEVID
 .rodata        0x00131cc4       0x24 /home/urakn0x/devkitPro/libctru/lib/libctru.a(shbin.o)